chrom    pos    sid    nt1    nt2    raw_beta    raw_pval_beta    updated_beta    updated_pval_beta 
chrom_1    410    SNP_ID_1_411    A    G    -3.9349e-02    -3.9349e-02    -0.0000e+00    -0.0000e+00
chrom_1    413    SNP_ID_1_414    A    G    -4.0841e-02    -4.0841e-02    -0.0000e+00    -0.0000e+00
chrom_1    414    SNP_ID_1_415    A    G    -4.4598e-02    -4.4598e-02    -0.0000e+00    -0.0000e+00
chrom_1    417    SNP_ID_1_418    A    G    -4.1532e-02    -4.1532e-02    -0.0000e+00    -0.0000e+00
chrom_1    422    SNP_ID_1_423    A    G    -3.9675e-02    -3.9675e-02    -0.0000e+00    -0.0000e+00
chrom_1    423    SNP_ID_1_424    A    G    -3.9149e-02    -3.9149e-02    -0.0000e+00    -0.0000e+00
chrom_1    424    SNP_ID_1_425    A    G    -4.9334e-02    -4.9334e-02    -0.0000e+00    -0.0000e+00
chrom_1    425    SNP_ID_1_426    A    G    -4.7788e-02    -4.7788e-02    -0.0000e+00    -0.0000e+00
chrom_1    426    SNP_ID_1_427    A    G    -5.6858e-02    -5.6858e-02    -0.0000e+00    -0.0000e+00
chrom_1    427    SNP_ID_1_428    A    G    -5.5362e-02    -5.5362e-02    -0.0000e+00    -0.0000e+00
chrom_1    428    SNP_ID_1_429    A    G    -6.5850e-02    -6.5850e-02    -6.5850e-02    -6.5850e-02
chrom_1    429    SNP_ID_1_430    A    G    -5.5906e-02    -5.5906e-02    -0.0000e+00    -0.0000e+00
chrom_1    430    SNP_ID_1_431    A    G    -3.9515e-02    -3.9515e-02    -0.0000e+00    -0.0000e+00
chrom_1    432    SNP_ID_1_433    A    G    -4.5574e-02    -4.5574e-02    -0.0000e+00    -0.0000e+00
chrom_1    433    SNP_ID_1_434    A    G    -3.9619e-02    -3.9619e-02    -0.0000e+00    -0.0000e+00
chrom_1    441    SNP_ID_1_442    A    G    -4.1721e-02    -4.1721e-02    -0.0000e+00    -0.0000e+00
chrom_1    442    SNP_ID_1_443    A    G    -3.7177e-02    -3.7177e-02    -0.0000e+00    -0.0000e+00
chrom_1    443    SNP_ID_1_444    A    G    -4.3519e-02    -4.3519e-02    -0.0000e+00    -0.0000e+00
chrom_1    445    SNP_ID_1_446    A    G    -4.1073e-02    -4.1073e-02    -0.0000e+00    -0.0000e+00
chrom_1    447    SNP_ID_1_448    A    G    -3.9344e-02    -3.9344e-02    -0.0000e+00    -0.0000e+00
chrom_1    448    SNP_ID_1_449    A    G    -3.7853e-02    -3.7853e-02    -0.0000e+00    -0.0000e+00
chrom_1    450    SNP_ID_1_451    A    G    -4.2500e-02    -4.2500e-02    -0.0000e+00    -0.0000e+00
chrom_1    452    SNP_ID_1_453    A    G    -3.8484e-02    -3.8484e-02    -0.0000e+00    -0.0000e+00
chrom_1    456    SNP_ID_1_457    A    G    -4.2582e-02    -4.2582e-02    -0.0000e+00    -0.0000e+00
chrom_1    458    SNP_ID_1_459    A    G    -3.7390e-02    -3.7390e-02    -0.0000e+00    -0.0000e+00
chrom_1    467    SNP_ID_1_468    A    G    -4.0415e-02    -4.0415e-02    -0.0000e+00    -0.0000e+00
chrom_1    478    SNP_ID_1_479    A    G    -4.4749e-02    -4.4749e-02    -0.0000e+00    -0.0000e+00
chrom_1    481    SNP_ID_1_482    A    G    -3.9419e-02    -3.9419e-02    -0.0000e+00    -0.0000e+00
chrom_1    487    SNP_ID_1_488    A    G    -5.6553e-02    -5.6553e-02    -5.6553e-02    -5.6553e-02
chrom_1    488    SNP_ID_1_489    A    G    -5.1895e-02    -5.1895e-02    -0.0000e+00    -0.0000e+00
chrom_1    489    SNP_ID_1_490    A    G    -4.7820e-02    -4.7820e-02    -0.0000e+00    -0.0000e+00
chrom_1    490    SNP_ID_1_491    A    G    -4.6287e-02    -4.6287e-02    -0.0000e+00    -0.0000e+00
chrom_1    492    SNP_ID_1_493    A    G    -4.5078e-02    -4.5078e-02    -0.0000e+00    -0.0000e+00
chrom_1    494    SNP_ID_1_495    A    G    -3.7587e-02    -3.7587e-02    -0.0000e+00    -0.0000e+00
chrom_1    496    SNP_ID_1_497    A    G    -4.7190e-02    -4.7190e-02    -0.0000e+00    -0.0000e+00
chrom_1    497    SNP_ID_1_498    A    G    -3.9306e-02    -3.9306e-02    -0.0000e+00    -0.0000e+00
chrom_1    498    SNP_ID_1_499    A    G    -3.8608e-02    -3.8608e-02    -0.0000e+00    -0.0000e+00
chrom_1    499    SNP_ID_1_500    A    G    -4.5832e-02    -4.5832e-02    -0.0000e+00    -0.0000e+00
chrom_1    1327    SNP_ID_1_1328    A    G    -3.8531e-02    -3.8531e-02    -3.8531e-02    -3.8531e-02
chrom_1    1340    SNP_ID_1_1341    A    G    -3.8505e-02    -3.8505e-02    -0.0000e+00    -0.0000e+00
chrom_1    1341    SNP_ID_1_1342    A    G    -3.8521e-02    -3.8521e-02    -0.0000e+00    -0.0000e+00
chrom_1    1342    SNP_ID_1_1343    A    G    -4.2071e-02    -4.2071e-02    -0.0000e+00    -0.0000e+00
chrom_1    1343    SNP_ID_1_1344    A    G    -3.9726e-02    -3.9726e-02    -0.0000e+00    -0.0000e+00
chrom_1    1344    SNP_ID_1_1345    A    G    -4.2891e-02    -4.2891e-02    -0.0000e+00    -0.0000e+00
chrom_1    1345    SNP_ID_1_1346    A    G    -4.0679e-02    -4.0679e-02    -0.0000e+00    -0.0000e+00
chrom_1    1346    SNP_ID_1_1347    A    G    -3.9325e-02    -3.9325e-02    -0.0000e+00    -0.0000e+00
chrom_1    1348    SNP_ID_1_1349    A    G    -4.3074e-02    -4.3074e-02    -0.0000e+00    -0.0000e+00
chrom_1    1349    SNP_ID_1_1350    A    G    -4.3957e-02    -4.3957e-02    -0.0000e+00    -0.0000e+00
chrom_1    1350    SNP_ID_1_1351    A    G    -3.6907e-02    -3.6907e-02    -0.0000e+00    -0.0000e+00
chrom_1    1352    SNP_ID_1_1353    A    G    -3.7180e-02    -3.7180e-02    -0.0000e+00    -0.0000e+00
chrom_1    1353    SNP_ID_1_1354    A    G    -3.9613e-02    -3.9613e-02    -0.0000e+00    -0.0000e+00
chrom_1    1355    SNP_ID_1_1356    A    G    -3.9509e-02    -3.9509e-02    -0.0000e+00    -0.0000e+00
chrom_1    1358    SNP_ID_1_1359    A    G    -4.5655e-02    -4.5655e-02    -4.5655e-02    -4.5655e-02
chrom_1    1359    SNP_ID_1_1360    A    G    -3.7872e-02    -3.7872e-02    -0.0000e+00    -0.0000e+00
chrom_1    1443    SNP_ID_1_1444    A    G    4.4628e-02    4.4628e-02    0.0000e+00    0.0000e+00
chrom_1    1444    SNP_ID_1_1445    A    G    5.1530e-02    5.1530e-02    5.1530e-02    5.1530e-02
chrom_1    1445    SNP_ID_1_1446    A    G    4.2091e-02    4.2091e-02    0.0000e+00    0.0000e+00
chrom_1    1456    SNP_ID_1_1457    A    G    3.8087e-02    3.8087e-02    0.0000e+00    0.0000e+00
chrom_1    1468    SNP_ID_1_1469    A    G    4.2399e-02    4.2399e-02    0.0000e+00    0.0000e+00
chrom_1    1469    SNP_ID_1_1470    A    G    4.2110e-02    4.2110e-02    0.0000e+00    0.0000e+00
chrom_1    1470    SNP_ID_1_1471    A    G    4.5043e-02    4.5043e-02    0.0000e+00    0.0000e+00
chrom_1    1471    SNP_ID_1_1472    A    G    4.1252e-02    4.1252e-02    0.0000e+00    0.0000e+00
chrom_1    1473    SNP_ID_1_1474    A    G    3.7124e-02    3.7124e-02    0.0000e+00    0.0000e+00
chrom_1    1570    SNP_ID_1_1571    A    G    -4.0713e-02    -4.0713e-02    -0.0000e+00    -0.0000e+00
chrom_1    1571    SNP_ID_1_1572    A    G    -3.7654e-02    -3.7654e-02    -0.0000e+00    -0.0000e+00
chrom_1    1572    SNP_ID_1_1573    A    G    -4.6867e-02    -4.6867e-02    -4.6867e-02    -4.6867e-02
chrom_1    1573    SNP_ID_1_1574    A    G    -4.1301e-02    -4.1301e-02    -0.0000e+00    -0.0000e+00
chrom_1    1575    SNP_ID_1_1576    A    G    -3.7055e-02    -3.7055e-02    -0.0000e+00    -0.0000e+00
chrom_1    1816    SNP_ID_1_1817    A    G    4.0262e-02    4.0262e-02    0.0000e+00    0.0000e+00
chrom_1    1817    SNP_ID_1_1818    A    G    3.8276e-02    3.8276e-02    0.0000e+00    0.0000e+00
chrom_1    1818    SNP_ID_1_1819    A    G    4.3046e-02    4.3046e-02    0.0000e+00    0.0000e+00
chrom_1    1819    SNP_ID_1_1820    A    G    4.7171e-02    4.7171e-02    0.0000e+00    0.0000e+00
chrom_1    1820    SNP_ID_1_1821    A    G    5.3136e-02    5.3136e-02    0.0000e+00    0.0000e+00
chrom_1    1821    SNP_ID_1_1822    A    G    4.9035e-02    4.9035e-02    0.0000e+00    0.0000e+00
chrom_1    1822    SNP_ID_1_1823    A    G    5.5831e-02    5.5831e-02    0.0000e+00    0.0000e+00
chrom_1    1823    SNP_ID_1_1824    A    G    6.2059e-02    6.2059e-02    0.0000e+00    0.0000e+00
chrom_1    1824    SNP_ID_1_1825    A    G    6.4412e-02    6.4412e-02    0.0000e+00    0.0000e+00
chrom_1    1825    SNP_ID_1_1826    A    G    6.2693e-02    6.2693e-02    0.0000e+00    0.0000e+00
chrom_1    1826    SNP_ID_1_1827    A    G    6.2707e-02    6.2707e-02    0.0000e+00    0.0000e+00
chrom_1    1827    SNP_ID_1_1828    A    G    6.1872e-02    6.1872e-02    0.0000e+00    0.0000e+00
chrom_1    1828    SNP_ID_1_1829    A    G    6.0717e-02    6.0717e-02    0.0000e+00    0.0000e+00
chrom_1    1829    SNP_ID_1_1830    A    G    6.3155e-02    6.3155e-02    0.0000e+00    0.0000e+00
chrom_1    1830    SNP_ID_1_1831    A    G    6.8518e-02    6.8518e-02    0.0000e+00    0.0000e+00
chrom_1    1831    SNP_ID_1_1832    A    G    6.4826e-02    6.4826e-02    0.0000e+00    0.0000e+00
chrom_1    1832    SNP_ID_1_1833    A    G    5.7572e-02    5.7572e-02    0.0000e+00    0.0000e+00
chrom_1    1833    SNP_ID_1_1834    A    G    6.5216e-02    6.5216e-02    0.0000e+00    0.0000e+00
chrom_1    1834    SNP_ID_1_1835    A    G    6.4784e-02    6.4784e-02    0.0000e+00    0.0000e+00
chrom_1    1835    SNP_ID_1_1836    A    G    6.9322e-02    6.9322e-02    0.0000e+00    0.0000e+00
chrom_1    1836    SNP_ID_1_1837    A    G    6.6127e-02    6.6127e-02    0.0000e+00    0.0000e+00
chrom_1    1837    SNP_ID_1_1838    A    G    6.8578e-02    6.8578e-02    0.0000e+00    0.0000e+00
chrom_1    1838    SNP_ID_1_1839    A    G    6.8429e-02    6.8429e-02    0.0000e+00    0.0000e+00
chrom_1    1839    SNP_ID_1_1840    A    G    7.3187e-02    7.3187e-02    0.0000e+00    0.0000e+00
chrom_1    1840    SNP_ID_1_1841    A    G    7.2729e-02    7.2729e-02    0.0000e+00    0.0000e+00
chrom_1    1841    SNP_ID_1_1842    A    G    7.9951e-02    7.9951e-02    0.0000e+00    0.0000e+00
chrom_1    1842    SNP_ID_1_1843    A    G    7.5018e-02    7.5018e-02    0.0000e+00    0.0000e+00
chrom_1    1843    SNP_ID_1_1844    A    G    8.1831e-02    8.1831e-02    0.0000e+00    0.0000e+00
chrom_1    1844    SNP_ID_1_1845    A    G    9.1062e-02    9.1062e-02    0.0000e+00    0.0000e+00
chrom_1    1845    SNP_ID_1_1846    A    G    1.0755e-01    1.0755e-01    1.0755e-01    1.0755e-01
chrom_1    1846    SNP_ID_1_1847    A    G    8.9646e-02    8.9646e-02    0.0000e+00    0.0000e+00
chrom_1    1847    SNP_ID_1_1848    A    G    8.9126e-02    8.9126e-02    0.0000e+00    0.0000e+00
chrom_1    1848    SNP_ID_1_1849    A    G    8.9069e-02    8.9069e-02    0.0000e+00    0.0000e+00
chrom_1    1849    SNP_ID_1_1850    A    G    9.3743e-02    9.3743e-02    0.0000e+00    0.0000e+00
chrom_1    1850    SNP_ID_1_1851    A    G    8.4166e-02    8.4166e-02    0.0000e+00    0.0000e+00
chrom_1    1851    SNP_ID_1_1852    A    G    8.5182e-02    8.5182e-02    0.0000e+00    0.0000e+00
chrom_1    1852    SNP_ID_1_1853    A    G    9.2893e-02    9.2893e-02    0.0000e+00    0.0000e+00
chrom_1    1853    SNP_ID_1_1854    A    G    8.0725e-02    8.0725e-02    0.0000e+00    0.0000e+00
chrom_1    1854    SNP_ID_1_1855    A    G    7.8150e-02    7.8150e-02    0.0000e+00    0.0000e+00
chrom_1    1855    SNP_ID_1_1856    A    G    8.1943e-02    8.1943e-02    0.0000e+00    0.0000e+00
chrom_1    1856    SNP_ID_1_1857    A    G    7.3860e-02    7.3860e-02    0.0000e+00    0.0000e+00
chrom_1    1857    SNP_ID_1_1858    A    G    6.9860e-02    6.9860e-02    0.0000e+00    0.0000e+00
chrom_1    1858    SNP_ID_1_1859    A    G    6.3485e-02    6.3485e-02    0.0000e+00    0.0000e+00
chrom_1    1859    SNP_ID_1_1860    A    G    6.0125e-02    6.0125e-02    0.0000e+00    0.0000e+00
chrom_1    1860    SNP_ID_1_1861    A    G    6.8572e-02    6.8572e-02    0.0000e+00    0.0000e+00
chrom_1    1861    SNP_ID_1_1862    A    G    6.1657e-02    6.1657e-02    0.0000e+00    0.0000e+00
chrom_1    1862    SNP_ID_1_1863    A    G    5.4464e-02    5.4464e-02    0.0000e+00    0.0000e+00
chrom_1    1863    SNP_ID_1_1864    A    G    5.9849e-02    5.9849e-02    0.0000e+00    0.0000e+00
chrom_1    1864    SNP_ID_1_1865    A    G    6.6716e-02    6.6716e-02    0.0000e+00    0.0000e+00
chrom_1    1865    SNP_ID_1_1866    A    G    5.7990e-02    5.7990e-02    0.0000e+00    0.0000e+00
chrom_1    1866    SNP_ID_1_1867    A    G    6.1134e-02    6.1134e-02    0.0000e+00    0.0000e+00
chrom_1    1867    SNP_ID_1_1868    A    G    6.0366e-02    6.0366e-02    0.0000e+00    0.0000e+00
chrom_1    1868    SNP_ID_1_1869    A    G    5.0657e-02    5.0657e-02    0.0000e+00    0.0000e+00
chrom_1    1869    SNP_ID_1_1870    A    G    5.9952e-02    5.9952e-02    0.0000e+00    0.0000e+00
chrom_1    1870    SNP_ID_1_1871    A    G    4.3823e-02    4.3823e-02    0.0000e+00    0.0000e+00
chrom_1    1871    SNP_ID_1_1872    A    G    5.1338e-02    5.1338e-02    0.0000e+00    0.0000e+00
chrom_1    1872    SNP_ID_1_1873    A    G    4.2694e-02    4.2694e-02    0.0000e+00    0.0000e+00
chrom_1    1906    SNP_ID_1_1907    A    G    -3.8110e-02    -3.8110e-02    -0.0000e+00    -0.0000e+00
chrom_1    1909    SNP_ID_1_1910    A    G    -4.1310e-02    -4.1310e-02    -0.0000e+00    -0.0000e+00
chrom_1    1910    SNP_ID_1_1911    A    G    -4.4490e-02    -4.4490e-02    -0.0000e+00    -0.0000e+00
chrom_1    1913    SNP_ID_1_1914    A    G    -3.8081e-02    -3.8081e-02    -0.0000e+00    -0.0000e+00
chrom_1    1914    SNP_ID_1_1915    A    G    -6.3003e-02    -6.3003e-02    -6.3003e-02    -6.3003e-02
chrom_1    1915    SNP_ID_1_1916    A    G    -5.8265e-02    -5.8265e-02    -0.0000e+00    -0.0000e+00
chrom_1    1916    SNP_ID_1_1917    A    G    -5.7012e-02    -5.7012e-02    -0.0000e+00    -0.0000e+00
chrom_1    1917    SNP_ID_1_1918    A    G    -5.5245e-02    -5.5245e-02    -0.0000e+00    -0.0000e+00
chrom_1    1918    SNP_ID_1_1919    A    G    -5.1423e-02    -5.1423e-02    -0.0000e+00    -0.0000e+00
chrom_1    1919    SNP_ID_1_1920    A    G    -4.5872e-02    -4.5872e-02    -0.0000e+00    -0.0000e+00
chrom_1    1920    SNP_ID_1_1921    A    G    -4.5325e-02    -4.5325e-02    -0.0000e+00    -0.0000e+00
chrom_1    1921    SNP_ID_1_1922    A    G    -4.8852e-02    -4.8852e-02    -0.0000e+00    -0.0000e+00
chrom_1    1922    SNP_ID_1_1923    A    G    -4.4325e-02    -4.4325e-02    -0.0000e+00    -0.0000e+00
chrom_1    1924    SNP_ID_1_1925    A    G    -3.9361e-02    -3.9361e-02    -0.0000e+00    -0.0000e+00
chrom_1    1925    SNP_ID_1_1926    A    G    -4.4147e-02    -4.4147e-02    -0.0000e+00    -0.0000e+00
chrom_1    1926    SNP_ID_1_1927    A    G    -4.6133e-02    -4.6133e-02    -0.0000e+00    -0.0000e+00
chrom_1    1927    SNP_ID_1_1928    A    G    -4.5360e-02    -4.5360e-02    -0.0000e+00    -0.0000e+00
chrom_1    1928    SNP_ID_1_1929    A    G    -4.7079e-02    -4.7079e-02    -0.0000e+00    -0.0000e+00
chrom_1    1929    SNP_ID_1_1930    A    G    -3.7331e-02    -3.7331e-02    -0.0000e+00    -0.0000e+00
chrom_1    1930    SNP_ID_1_1931    A    G    -4.3958e-02    -4.3958e-02    -0.0000e+00    -0.0000e+00
chrom_1    1931    SNP_ID_1_1932    A    G    -3.6824e-02    -3.6824e-02    -0.0000e+00    -0.0000e+00
chrom_2    535    SNP_ID_2_536    A    G    4.5293e-02    4.5293e-02    4.5293e-02    4.5293e-02
chrom_2    1639    SNP_ID_2_1640    A    G    3.8552e-02    3.8552e-02    0.0000e+00    0.0000e+00
chrom_2    1641    SNP_ID_2_1642    A    G    4.0261e-02    4.0261e-02    4.0261e-02    4.0261e-02
chrom_2    1828    SNP_ID_2_1829    A    G    4.1903e-02    4.1903e-02    4.1903e-02    4.1903e-02
chrom_2    1831    SNP_ID_2_1832    A    G    4.0067e-02    4.0067e-02    0.0000e+00    0.0000e+00
chrom_3    22    SNP_ID_3_23    A    G    3.7431e-02    3.7431e-02    3.7431e-02    3.7431e-02
chrom_3    193    SNP_ID_3_194    A    G    4.1917e-02    4.1917e-02    4.1917e-02    4.1917e-02
chrom_3    194    SNP_ID_3_195    A    G    3.7229e-02    3.7229e-02    0.0000e+00    0.0000e+00
chrom_3    195    SNP_ID_3_196    A    G    3.9616e-02    3.9616e-02    0.0000e+00    0.0000e+00
chrom_3    196    SNP_ID_3_197    A    G    3.7272e-02    3.7272e-02    0.0000e+00    0.0000e+00
chrom_3    245    SNP_ID_3_246    A    G    3.6831e-02    3.6831e-02    0.0000e+00    0.0000e+00
chrom_3    247    SNP_ID_3_248    A    G    4.0034e-02    4.0034e-02    4.0034e-02    4.0034e-02
chrom_3    249    SNP_ID_3_250    A    G    4.8534e-02    4.8534e-02    0.0000e+00    0.0000e+00
chrom_3    250    SNP_ID_3_251    A    G    4.0282e-02    4.0282e-02    0.0000e+00    0.0000e+00
chrom_3    252    SNP_ID_3_253    A    G    3.8999e-02    3.8999e-02    0.0000e+00    0.0000e+00
chrom_3    253    SNP_ID_3_254    A    G    5.1522e-02    5.1522e-02    0.0000e+00    0.0000e+00
chrom_3    254    SNP_ID_3_255    A    G    4.7827e-02    4.7827e-02    0.0000e+00    0.0000e+00
chrom_3    255    SNP_ID_3_256    A    G    4.1264e-02    4.1264e-02    0.0000e+00    0.0000e+00
chrom_3    256    SNP_ID_3_257    A    G    4.4915e-02    4.4915e-02    0.0000e+00    0.0000e+00
chrom_3    257    SNP_ID_3_258    A    G    3.9428e-02    3.9428e-02    0.0000e+00    0.0000e+00
chrom_3    258    SNP_ID_3_259    A    G    5.1440e-02    5.1440e-02    0.0000e+00    0.0000e+00
chrom_3    261    SNP_ID_3_262    A    G    4.1967e-02    4.1967e-02    0.0000e+00    0.0000e+00
chrom_3    262    SNP_ID_3_263    A    G    5.2059e-02    5.2059e-02    5.2059e-02    5.2059e-02
chrom_3    263    SNP_ID_3_264    A    G    4.1754e-02    4.1754e-02    0.0000e+00    0.0000e+00
chrom_3    264    SNP_ID_3_265    A    G    3.9987e-02    3.9987e-02    0.0000e+00    0.0000e+00
chrom_3    265    SNP_ID_3_266    A    G    4.0520e-02    4.0520e-02    0.0000e+00    0.0000e+00
chrom_3    300    SNP_ID_3_301    A    G    4.0911e-02    4.0911e-02    4.0911e-02    4.0911e-02
chrom_3    301    SNP_ID_3_302    A    G    3.8443e-02    3.8443e-02    0.0000e+00    0.0000e+00
chrom_3    302    SNP_ID_3_303    A    G    3.9487e-02    3.9487e-02    0.0000e+00    0.0000e+00
chrom_3    303    SNP_ID_3_304    A    G    4.1391e-02    4.1391e-02    0.0000e+00    0.0000e+00
chrom_3    313    SNP_ID_3_314    A    G    4.1865e-02    4.1865e-02    0.0000e+00    0.0000e+00
chrom_3    314    SNP_ID_3_315    A    G    4.7070e-02    4.7070e-02    0.0000e+00    0.0000e+00
chrom_3    315    SNP_ID_3_316    A    G    5.0312e-02    5.0312e-02    5.0312e-02    5.0312e-02
chrom_3    316    SNP_ID_3_317    A    G    4.3663e-02    4.3663e-02    0.0000e+00    0.0000e+00
chrom_3    319    SNP_ID_3_320    A    G    3.8534e-02    3.8534e-02    0.0000e+00    0.0000e+00
chrom_3    320    SNP_ID_3_321    A    G    4.7021e-02    4.7021e-02    0.0000e+00    0.0000e+00
chrom_3    321    SNP_ID_3_322    A    G    4.1468e-02    4.1468e-02    0.0000e+00    0.0000e+00
chrom_3    323    SNP_ID_3_324    A    G    3.7778e-02    3.7778e-02    0.0000e+00    0.0000e+00
chrom_3    326    SNP_ID_3_327    A    G    3.9485e-02    3.9485e-02    0.0000e+00    0.0000e+00
chrom_3    327    SNP_ID_3_328    A    G    4.6695e-02    4.6695e-02    0.0000e+00    0.0000e+00
chrom_3    328    SNP_ID_3_329    A    G    4.7832e-02    4.7832e-02    4.7832e-02    4.7832e-02
chrom_3    329    SNP_ID_3_330    A    G    3.8467e-02    3.8467e-02    0.0000e+00    0.0000e+00
chrom_3    340    SNP_ID_3_341    A    G    3.7991e-02    3.7991e-02    0.0000e+00    0.0000e+00
chrom_3    341    SNP_ID_3_342    A    G    3.8609e-02    3.8609e-02    0.0000e+00    0.0000e+00
chrom_3    344    SNP_ID_3_345    A    G    3.8483e-02    3.8483e-02    0.0000e+00    0.0000e+00
chrom_3    347    SNP_ID_3_348    A    G    3.8878e-02    3.8878e-02    3.8878e-02    3.8878e-02
chrom_3    348    SNP_ID_3_349    A    G    4.2594e-02    4.2594e-02    0.0000e+00    0.0000e+00
chrom_3    349    SNP_ID_3_350    A    G    3.7251e-02    3.7251e-02    0.0000e+00    0.0000e+00
chrom_3    351    SNP_ID_3_352    A    G    4.0171e-02    4.0171e-02    0.0000e+00    0.0000e+00
chrom_3    353    SNP_ID_3_354    A    G    4.1493e-02    4.1493e-02    0.0000e+00    0.0000e+00
chrom_3    354    SNP_ID_3_355    A    G    4.3872e-02    4.3872e-02    0.0000e+00    0.0000e+00
chrom_3    356    SNP_ID_3_357    A    G    3.8808e-02    3.8808e-02    0.0000e+00    0.0000e+00
chrom_3    357    SNP_ID_3_358    A    G    4.1359e-02    4.1359e-02    0.0000e+00    0.0000e+00
chrom_3    358    SNP_ID_3_359    A    G    3.8059e-02    3.8059e-02    0.0000e+00    0.0000e+00
chrom_3    359    SNP_ID_3_360    A    G    4.2506e-02    4.2506e-02    0.0000e+00    0.0000e+00
chrom_3    360    SNP_ID_3_361    A    G    4.8630e-02    4.8630e-02    0.0000e+00    0.0000e+00
chrom_3    362    SNP_ID_3_363    A    G    4.1067e-02    4.1067e-02    0.0000e+00    0.0000e+00
chrom_3    363    SNP_ID_3_364    A    G    4.9019e-02    4.9019e-02    4.9019e-02    4.9019e-02
chrom_3    364    SNP_ID_3_365    A    G    4.4787e-02    4.4787e-02    0.0000e+00    0.0000e+00
chrom_3    365    SNP_ID_3_366    A    G    4.0183e-02    4.0183e-02    0.0000e+00    0.0000e+00
chrom_3    366    SNP_ID_3_367    A    G    3.7332e-02    3.7332e-02    0.0000e+00    0.0000e+00
chrom_3    367    SNP_ID_3_368    A    G    4.7172e-02    4.7172e-02    0.0000e+00    0.0000e+00
chrom_3    368    SNP_ID_3_369    A    G    4.4063e-02    4.4063e-02    0.0000e+00    0.0000e+00
chrom_3    378    SNP_ID_3_379    A    G    3.8336e-02    3.8336e-02    0.0000e+00    0.0000e+00
chrom_3    383    SNP_ID_3_384    A    G    3.9056e-02    3.9056e-02    3.9056e-02    3.9056e-02
chrom_3    460    SNP_ID_3_461    A    G    -4.3444e-02    -4.3444e-02    -4.3444e-02    -4.3444e-02
chrom_3    464    SNP_ID_3_465    A    G    -3.9740e-02    -3.9740e-02    -0.0000e+00    -0.0000e+00
chrom_3    500    SNP_ID_3_501    A    G    4.0778e-02    4.0778e-02    4.0778e-02    4.0778e-02
chrom_3    501    SNP_ID_3_502    A    G    3.9102e-02    3.9102e-02    0.0000e+00    0.0000e+00
chrom_3    561    SNP_ID_3_562    A    G    4.1335e-02    4.1335e-02    4.1335e-02    4.1335e-02
chrom_3    596    SNP_ID_3_597    A    G    3.9031e-02    3.9031e-02    0.0000e+00    0.0000e+00
chrom_3    597    SNP_ID_3_598    A    G    3.7962e-02    3.7962e-02    0.0000e+00    0.0000e+00
chrom_3    599    SNP_ID_3_600    A    G    4.0808e-02    4.0808e-02    4.0808e-02    4.0808e-02
chrom_3    636    SNP_ID_3_637    A    G    3.8133e-02    3.8133e-02    0.0000e+00    0.0000e+00
chrom_3    638    SNP_ID_3_639    A    G    4.0827e-02    4.0827e-02    0.0000e+00    0.0000e+00
chrom_3    639    SNP_ID_3_640    A    G    4.3830e-02    4.3830e-02    4.3830e-02    4.3830e-02
chrom_3    640    SNP_ID_3_641    A    G    3.6905e-02    3.6905e-02    0.0000e+00    0.0000e+00
chrom_3    641    SNP_ID_3_642    A    G    4.1055e-02    4.1055e-02    0.0000e+00    0.0000e+00
chrom_3    647    SNP_ID_3_648    A    G    4.1224e-02    4.1224e-02    0.0000e+00    0.0000e+00
chrom_3    648    SNP_ID_3_649    A    G    4.1783e-02    4.1783e-02    0.0000e+00    0.0000e+00
chrom_3    794    SNP_ID_3_795    A    G    -3.7287e-02    -3.7287e-02    -0.0000e+00    -0.0000e+00
chrom_3    795    SNP_ID_3_796    A    G    -4.0229e-02    -4.0229e-02    -0.0000e+00    -0.0000e+00
chrom_3    796    SNP_ID_3_797    A    G    -4.0971e-02    -4.0971e-02    -4.0971e-02    -4.0971e-02
chrom_3    797    SNP_ID_3_798    A    G    -3.6944e-02    -3.6944e-02    -0.0000e+00    -0.0000e+00
chrom_3    798    SNP_ID_3_799    A    G    -3.8087e-02    -3.8087e-02    -0.0000e+00    -0.0000e+00
chrom_3    980    SNP_ID_3_981    A    G    -3.7860e-02    -3.7860e-02    -0.0000e+00    -0.0000e+00
chrom_3    984    SNP_ID_3_985    A    G    -4.2737e-02    -4.2737e-02    -4.2737e-02    -4.2737e-02
chrom_3    990    SNP_ID_3_991    A    G    -3.7159e-02    -3.7159e-02    -0.0000e+00    -0.0000e+00
chrom_3    995    SNP_ID_3_996    A    G    -3.7120e-02    -3.7120e-02    -0.0000e+00    -0.0000e+00
chrom_3    1000    SNP_ID_3_1001    A    G    -4.7779e-02    -4.7779e-02    -0.0000e+00    -0.0000e+00
chrom_3    1001    SNP_ID_3_1002    A    G    -5.6795e-02    -5.6795e-02    -5.6795e-02    -5.6795e-02
chrom_3    1002    SNP_ID_3_1003    A    G    -4.1873e-02    -4.1873e-02    -0.0000e+00    -0.0000e+00
chrom_3    1003    SNP_ID_3_1004    A    G    -4.4325e-02    -4.4325e-02    -0.0000e+00    -0.0000e+00
chrom_3    1004    SNP_ID_3_1005    A    G    -5.1497e-02    -5.1497e-02    -0.0000e+00    -0.0000e+00
chrom_3    1005    SNP_ID_3_1006    A    G    -4.1441e-02    -4.1441e-02    -0.0000e+00    -0.0000e+00
chrom_3    1006    SNP_ID_3_1007    A    G    -5.3426e-02    -5.3426e-02    -0.0000e+00    -0.0000e+00
chrom_3    1007    SNP_ID_3_1008    A    G    -4.8813e-02    -4.8813e-02    -0.0000e+00    -0.0000e+00
chrom_3    1008    SNP_ID_3_1009    A    G    -4.3682e-02    -4.3682e-02    -0.0000e+00    -0.0000e+00
chrom_3    1009    SNP_ID_3_1010    A    G    -4.5615e-02    -4.5615e-02    -0.0000e+00    -0.0000e+00
chrom_3    1010    SNP_ID_3_1011    A    G    -3.6896e-02    -3.6896e-02    -0.0000e+00    -0.0000e+00
chrom_3    1011    SNP_ID_3_1012    A    G    -3.7379e-02    -3.7379e-02    -0.0000e+00    -0.0000e+00
chrom_3    1012    SNP_ID_3_1013    A    G    -4.1472e-02    -4.1472e-02    -0.0000e+00    -0.0000e+00
chrom_3    1014    SNP_ID_3_1015    A    G    -4.4973e-02    -4.4973e-02    -0.0000e+00    -0.0000e+00
chrom_3    1015    SNP_ID_3_1016    A    G    -4.3722e-02    -4.3722e-02    -0.0000e+00    -0.0000e+00
chrom_3    1016    SNP_ID_3_1017    A    G    -4.1064e-02    -4.1064e-02    -0.0000e+00    -0.0000e+00
chrom_3    1018    SNP_ID_3_1019    A    G    -3.9924e-02    -3.9924e-02    -0.0000e+00    -0.0000e+00
chrom_3    1019    SNP_ID_3_1020    A    G    -4.9396e-02    -4.9396e-02    -4.9396e-02    -4.9396e-02
chrom_3    1020    SNP_ID_3_1021    A    G    -4.3271e-02    -4.3271e-02    -0.0000e+00    -0.0000e+00
chrom_3    1021    SNP_ID_3_1022    A    G    -3.6996e-02    -3.6996e-02    -0.0000e+00    -0.0000e+00
chrom_3    1022    SNP_ID_3_1023    A    G    -3.9221e-02    -3.9221e-02    -0.0000e+00    -0.0000e+00
chrom_3    1023    SNP_ID_3_1024    A    G    -3.7709e-02    -3.7709e-02    -0.0000e+00    -0.0000e+00
chrom_3    1024    SNP_ID_3_1025    A    G    -4.1016e-02    -4.1016e-02    -0.0000e+00    -0.0000e+00
chrom_3    1028    SNP_ID_3_1029    A    G    -3.8894e-02    -3.8894e-02    -0.0000e+00    -0.0000e+00
chrom_3    1035    SNP_ID_3_1036    A    G    -4.0773e-02    -4.0773e-02    -4.0773e-02    -4.0773e-02
chrom_3    1049    SNP_ID_3_1050    A    G    -4.0511e-02    -4.0511e-02    -0.0000e+00    -0.0000e+00
chrom_3    1051    SNP_ID_3_1052    A    G    -4.1481e-02    -4.1481e-02    -0.0000e+00    -0.0000e+00
chrom_3    1052    SNP_ID_3_1053    A    G    -4.6246e-02    -4.6246e-02    -0.0000e+00    -0.0000e+00
chrom_3    1053    SNP_ID_3_1054    A    G    -3.8618e-02    -3.8618e-02    -0.0000e+00    -0.0000e+00
chrom_3    1057    SNP_ID_3_1058    A    G    -3.8321e-02    -3.8321e-02    -0.0000e+00    -0.0000e+00
chrom_3    1059    SNP_ID_3_1060    A    G    -4.2648e-02    -4.2648e-02    -0.0000e+00    -0.0000e+00
chrom_3    1060    SNP_ID_3_1061    A    G    -4.6901e-02    -4.6901e-02    -0.0000e+00    -0.0000e+00
chrom_3    1061    SNP_ID_3_1062    A    G    -5.2019e-02    -5.2019e-02    -5.2019e-02    -5.2019e-02
chrom_3    1062    SNP_ID_3_1063    A    G    -4.8170e-02    -4.8170e-02    -0.0000e+00    -0.0000e+00
chrom_3    1063    SNP_ID_3_1064    A    G    -4.1005e-02    -4.1005e-02    -0.0000e+00    -0.0000e+00
chrom_3    1064    SNP_ID_3_1065    A    G    -4.0561e-02    -4.0561e-02    -0.0000e+00    -0.0000e+00
chrom_3    1066    SNP_ID_3_1067    A    G    -3.9108e-02    -3.9108e-02    -0.0000e+00    -0.0000e+00
chrom_3    1067    SNP_ID_3_1068    A    G    -3.8592e-02    -3.8592e-02    -0.0000e+00    -0.0000e+00
chrom_3    1181    SNP_ID_3_1182    A    G    -3.7684e-02    -3.7684e-02    -3.7684e-02    -3.7684e-02
chrom_3    1203    SNP_ID_3_1204    A    G    -4.1350e-02    -4.1350e-02    -0.0000e+00    -0.0000e+00
chrom_3    1204    SNP_ID_3_1205    A    G    -4.2415e-02    -4.2415e-02    -4.2415e-02    -4.2415e-02
chrom_3    1207    SNP_ID_3_1208    A    G    -3.8282e-02    -3.8282e-02    -0.0000e+00    -0.0000e+00
chrom_3    1240    SNP_ID_3_1241    A    G    4.3127e-02    4.3127e-02    4.3127e-02    4.3127e-02
chrom_3    1241    SNP_ID_3_1242    A    G    4.0597e-02    4.0597e-02    0.0000e+00    0.0000e+00
chrom_3    1242    SNP_ID_3_1243    A    G    3.9883e-02    3.9883e-02    0.0000e+00    0.0000e+00
chrom_3    1243    SNP_ID_3_1244    A    G    4.2994e-02    4.2994e-02    0.0000e+00    0.0000e+00
chrom_3    1244    SNP_ID_3_1245    A    G    4.0635e-02    4.0635e-02    0.0000e+00    0.0000e+00
chrom_3    1565    SNP_ID_3_1566    A    G    -4.2848e-02    -4.2848e-02    -4.2848e-02    -4.2848e-02
chrom_3    1576    SNP_ID_3_1577    A    G    -4.1455e-02    -4.1455e-02    -0.0000e+00    -0.0000e+00
chrom_3    1577    SNP_ID_3_1578    A    G    -4.2780e-02    -4.2780e-02    -0.0000e+00    -0.0000e+00
chrom_3    1583    SNP_ID_3_1584    A    G    -4.1306e-02    -4.1306e-02    -0.0000e+00    -0.0000e+00
chrom_3    1584    SNP_ID_3_1585    A    G    -3.7590e-02    -3.7590e-02    -0.0000e+00    -0.0000e+00
chrom_3    1585    SNP_ID_3_1586    A    G    -4.4793e-02    -4.4793e-02    -4.4793e-02    -4.4793e-02
chrom_3    1586    SNP_ID_3_1587    A    G    -4.2468e-02    -4.2468e-02    -0.0000e+00    -0.0000e+00
chrom_3    1587    SNP_ID_3_1588    A    G    -3.9624e-02    -3.9624e-02    -0.0000e+00    -0.0000e+00
chrom_3    1591    SNP_ID_3_1592    A    G    -3.6848e-02    -3.6848e-02    -0.0000e+00    -0.0000e+00
chrom_3    1594    SNP_ID_3_1595    A    G    -3.9398e-02    -3.9398e-02    -0.0000e+00    -0.0000e+00
chrom_3    1800    SNP_ID_3_1801    A    G    4.8042e-02    4.8042e-02    4.8042e-02    4.8042e-02
chrom_3    1805    SNP_ID_3_1806    A    G    3.7988e-02    3.7988e-02    0.0000e+00    0.0000e+00
chrom_3    1827    SNP_ID_3_1828    A    G    4.2104e-02    4.2104e-02    4.2104e-02    4.2104e-02
chrom_3    1828    SNP_ID_3_1829    A    G    4.6583e-02    4.6583e-02    0.0000e+00    0.0000e+00
chrom_3    1829    SNP_ID_3_1830    A    G    4.4479e-02    4.4479e-02    0.0000e+00    0.0000e+00
chrom_3    1833    SNP_ID_3_1834    A    G    3.7321e-02    3.7321e-02    0.0000e+00    0.0000e+00
chrom_3    1835    SNP_ID_3_1836    A    G    3.8572e-02    3.8572e-02    0.0000e+00    0.0000e+00
chrom_3    1837    SNP_ID_3_1838    A    G    4.2682e-02    4.2682e-02    0.0000e+00    0.0000e+00
chrom_3    1838    SNP_ID_3_1839    A    G    4.5220e-02    4.5220e-02    0.0000e+00    0.0000e+00
chrom_3    1839    SNP_ID_3_1840    A    G    5.4590e-02    5.4590e-02    0.0000e+00    0.0000e+00
chrom_3    1840    SNP_ID_3_1841    A    G    5.8007e-02    5.8007e-02    5.8007e-02    5.8007e-02
chrom_3    1841    SNP_ID_3_1842    A    G    5.0185e-02    5.0185e-02    0.0000e+00    0.0000e+00
chrom_3    1842    SNP_ID_3_1843    A    G    4.2413e-02    4.2413e-02    0.0000e+00    0.0000e+00
chrom_3    1843    SNP_ID_3_1844    A    G    4.8510e-02    4.8510e-02    0.0000e+00    0.0000e+00
chrom_3    1844    SNP_ID_3_1845    A    G    4.8446e-02    4.8446e-02    0.0000e+00    0.0000e+00
chrom_3    1845    SNP_ID_3_1846    A    G    4.6236e-02    4.6236e-02    0.0000e+00    0.0000e+00
chrom_3    1846    SNP_ID_3_1847    A    G    3.9687e-02    3.9687e-02    0.0000e+00    0.0000e+00
chrom_3    1849    SNP_ID_3_1850    A    G    3.8742e-02    3.8742e-02    0.0000e+00    0.0000e+00
chrom_3    1864    SNP_ID_3_1865    A    G    3.8547e-02    3.8547e-02    0.0000e+00    0.0000e+00
chrom_3    1867    SNP_ID_3_1868    A    G    3.8572e-02    3.8572e-02    3.8572e-02    3.8572e-02
chrom_3    1870    SNP_ID_3_1871    A    G    3.7217e-02    3.7217e-02    0.0000e+00    0.0000e+00
chrom_3    1984    SNP_ID_3_1985    A    G    3.7528e-02    3.7528e-02    3.7528e-02    3.7528e-02
chrom_3    1985    SNP_ID_3_1986    A    G    3.7137e-02    3.7137e-02    0.0000e+00    0.0000e+00
chrom_4    95    SNP_ID_4_96    A    G    3.7440e-02    3.7440e-02    3.7440e-02    3.7440e-02
chrom_4    461    SNP_ID_4_462    A    G    -4.9825e-02    -4.9825e-02    -4.9825e-02    -4.9825e-02
chrom_4    818    SNP_ID_4_819    A    G    3.8455e-02    3.8455e-02    3.8455e-02    3.8455e-02
chrom_4    831    SNP_ID_4_832    A    G    4.5806e-02    4.5806e-02    0.0000e+00    0.0000e+00
chrom_4    832    SNP_ID_4_833    A    G    4.8572e-02    4.8572e-02    4.8572e-02    4.8572e-02
chrom_4    836    SNP_ID_4_837    A    G    4.0609e-02    4.0609e-02    0.0000e+00    0.0000e+00
chrom_4    837    SNP_ID_4_838    A    G    3.8454e-02    3.8454e-02    0.0000e+00    0.0000e+00
chrom_4    973    SNP_ID_4_974    A    G    -4.6395e-02    -4.6395e-02    -4.6395e-02    -4.6395e-02
chrom_4    974    SNP_ID_4_975    A    G    -4.4779e-02    -4.4779e-02    -0.0000e+00    -0.0000e+00
chrom_4    975    SNP_ID_4_976    A    G    -4.2485e-02    -4.2485e-02    -0.0000e+00    -0.0000e+00
chrom_4    985    SNP_ID_4_986    A    G    -3.8233e-02    -3.8233e-02    -3.8233e-02    -3.8233e-02
chrom_4    1276    SNP_ID_4_1277    A    G    -3.8263e-02    -3.8263e-02    -0.0000e+00    -0.0000e+00
chrom_4    1277    SNP_ID_4_1278    A    G    -3.7159e-02    -3.7159e-02    -0.0000e+00    -0.0000e+00
chrom_4    1278    SNP_ID_4_1279    A    G    -4.2987e-02    -4.2987e-02    -0.0000e+00    -0.0000e+00
chrom_4    1279    SNP_ID_4_1280    A    G    -4.7906e-02    -4.7906e-02    -0.0000e+00    -0.0000e+00
chrom_4    1280    SNP_ID_4_1281    A    G    -3.7091e-02    -3.7091e-02    -0.0000e+00    -0.0000e+00
chrom_4    1281    SNP_ID_4_1282    A    G    -5.8209e-02    -5.8209e-02    -0.0000e+00    -0.0000e+00
chrom_4    1282    SNP_ID_4_1283    A    G    -8.0202e-02    -8.0202e-02    -8.0202e-02    -8.0202e-02
chrom_4    1283    SNP_ID_4_1284    A    G    -5.6683e-02    -5.6683e-02    -0.0000e+00    -0.0000e+00
chrom_4    1284    SNP_ID_4_1285    A    G    -5.0888e-02    -5.0888e-02    -0.0000e+00    -0.0000e+00
chrom_4    1286    SNP_ID_4_1287    A    G    -3.8744e-02    -3.8744e-02    -0.0000e+00    -0.0000e+00
chrom_4    1374    SNP_ID_4_1375    A    G    -3.9072e-02    -3.9072e-02    -3.9072e-02    -3.9072e-02
chrom_4    1616    SNP_ID_4_1617    A    G    -3.9529e-02    -3.9529e-02    -0.0000e+00    -0.0000e+00
chrom_4    1617    SNP_ID_4_1618    A    G    -4.4929e-02    -4.4929e-02    -0.0000e+00    -0.0000e+00
chrom_4    1619    SNP_ID_4_1620    A    G    -4.4495e-02    -4.4495e-02    -0.0000e+00    -0.0000e+00
chrom_4    1620    SNP_ID_4_1621    A    G    -5.1952e-02    -5.1952e-02    -0.0000e+00    -0.0000e+00
chrom_4    1621    SNP_ID_4_1622    A    G    -6.1580e-02    -6.1580e-02    -6.1580e-02    -6.1580e-02
chrom_4    1622    SNP_ID_4_1623    A    G    -3.7544e-02    -3.7544e-02    -0.0000e+00    -0.0000e+00
chrom_4    1623    SNP_ID_4_1624    A    G    -4.3406e-02    -4.3406e-02    -0.0000e+00    -0.0000e+00
chrom_4    1624    SNP_ID_4_1625    A    G    -3.6884e-02    -3.6884e-02    -0.0000e+00    -0.0000e+00
chrom_4    1627    SNP_ID_4_1628    A    G    -4.3209e-02    -4.3209e-02    -0.0000e+00    -0.0000e+00
chrom_4    1628    SNP_ID_4_1629    A    G    -4.8196e-02    -4.8196e-02    -0.0000e+00    -0.0000e+00
chrom_4    1629    SNP_ID_4_1630    A    G    -5.2313e-02    -5.2313e-02    -5.2313e-02    -5.2313e-02
chrom_4    1630    SNP_ID_4_1631    A    G    -4.6828e-02    -4.6828e-02    -0.0000e+00    -0.0000e+00
chrom_4    1631    SNP_ID_4_1632    A    G    -4.7912e-02    -4.7912e-02    -0.0000e+00    -0.0000e+00
chrom_4    1632    SNP_ID_4_1633    A    G    -3.9066e-02    -3.9066e-02    -0.0000e+00    -0.0000e+00
chrom_4    1634    SNP_ID_4_1635    A    G    -4.6736e-02    -4.6736e-02    -0.0000e+00    -0.0000e+00
