chrom    pos    sid    nt1    nt2    raw_beta    raw_pval_beta    updated_beta    updated_pval_beta 
chrom_1    205    SNP_ID_1_206    A    G    -6.1498e-02    -6.1498e-02    -0.0000e+00    -0.0000e+00
chrom_1    206    SNP_ID_1_207    A    G    -7.7415e-02    -7.7415e-02    -0.0000e+00    -0.0000e+00
chrom_1    207    SNP_ID_1_208    A    G    -7.9319e-02    -7.9319e-02    -7.9319e-02    -7.9319e-02
chrom_1    208    SNP_ID_1_209    A    G    -7.1576e-02    -7.1576e-02    -0.0000e+00    -0.0000e+00
chrom_1    209    SNP_ID_1_210    A    G    -7.5174e-02    -7.5174e-02    -7.5174e-02    -7.5174e-02
chrom_1    210    SNP_ID_1_211    A    G    -7.2337e-02    -7.2337e-02    -0.0000e+00    -0.0000e+00
chrom_1    320    SNP_ID_1_321    A    G    -6.4371e-02    -6.4371e-02    -6.4371e-02    -6.4371e-02
chrom_1    324    SNP_ID_1_325    A    G    -6.2392e-02    -6.2392e-02    -0.0000e+00    -0.0000e+00
chrom_1    325    SNP_ID_1_326    A    G    -8.3434e-02    -8.3434e-02    -8.3434e-02    -8.3434e-02
chrom_1    842    SNP_ID_1_843    A    G    -6.7063e-02    -6.7063e-02    -6.7063e-02    -6.7063e-02
chrom_1    845    SNP_ID_1_846    A    G    -6.2041e-02    -6.2041e-02    -6.2041e-02    -6.2041e-02
chrom_1    847    SNP_ID_1_848    A    G    -6.7040e-02    -6.7040e-02    -0.0000e+00    -0.0000e+00
chrom_1    848    SNP_ID_1_849    A    G    -7.8585e-02    -7.8585e-02    -7.8585e-02    -7.8585e-02
chrom_1    1994    SNP_ID_1_1995    A    G    1.0199e-01    1.0199e-01    1.0199e-01    1.0199e-01
chrom_1    1995    SNP_ID_1_1996    A    G    6.8944e-02    6.8944e-02    0.0000e+00    0.0000e+00
chrom_1    1997    SNP_ID_1_1998    A    G    6.4072e-02    6.4072e-02    6.4072e-02    6.4072e-02
chrom_1    3702    SNP_ID_1_3703    A    G    -6.4988e-02    -6.4988e-02    -6.4988e-02    -6.4988e-02
chrom_1    3711    SNP_ID_1_3712    A    G    -8.2782e-02    -8.2782e-02    -0.0000e+00    -0.0000e+00
chrom_1    3712    SNP_ID_1_3713    A    G    -1.1075e-01    -1.1075e-01    -1.1075e-01    -1.1075e-01
chrom_1    3713    SNP_ID_1_3714    A    G    -9.8212e-02    -9.8212e-02    -0.0000e+00    -0.0000e+00
chrom_1    3714    SNP_ID_1_3715    A    G    -8.0822e-02    -8.0822e-02    -0.0000e+00    -0.0000e+00
chrom_1    3715    SNP_ID_1_3716    A    G    -6.5842e-02    -6.5842e-02    -6.5842e-02    -6.5842e-02
chrom_1    3925    SNP_ID_1_3926    A    G    6.2200e-02    6.2200e-02    6.2200e-02    6.2200e-02
chrom_1    3936    SNP_ID_1_3937    A    G    6.7842e-02    6.7842e-02    6.7842e-02    6.7842e-02
chrom_1    4225    SNP_ID_1_4226    A    G    -6.9738e-02    -6.9738e-02    -6.9738e-02    -6.9738e-02
chrom_1    4229    SNP_ID_1_4230    A    G    -6.3230e-02    -6.3230e-02    -0.0000e+00    -0.0000e+00
chrom_1    4230    SNP_ID_1_4231    A    G    -7.9332e-02    -7.9332e-02    -7.9332e-02    -7.9332e-02
chrom_1    4231    SNP_ID_1_4232    A    G    -6.9870e-02    -6.9870e-02    -0.0000e+00    -0.0000e+00
chrom_1    4232    SNP_ID_1_4233    A    G    -8.0549e-02    -8.0549e-02    -0.0000e+00    -0.0000e+00
chrom_1    4233    SNP_ID_1_4234    A    G    -9.6554e-02    -9.6554e-02    -9.6554e-02    -9.6554e-02
chrom_1    4234    SNP_ID_1_4235    A    G    -1.0927e-01    -1.0927e-01    -0.0000e+00    -0.0000e+00
chrom_1    4235    SNP_ID_1_4236    A    G    -1.2940e-01    -1.2940e-01    -1.2940e-01    -1.2940e-01
chrom_1    4236    SNP_ID_1_4237    A    G    -9.7512e-02    -9.7512e-02    -0.0000e+00    -0.0000e+00
chrom_1    4237    SNP_ID_1_4238    A    G    -9.5437e-02    -9.5437e-02    -0.0000e+00    -0.0000e+00
chrom_1    4238    SNP_ID_1_4239    A    G    -9.6548e-02    -9.6548e-02    -9.6548e-02    -9.6548e-02
chrom_1    4239    SNP_ID_1_4240    A    G    -7.9322e-02    -7.9322e-02    -0.0000e+00    -0.0000e+00
chrom_1    4240    SNP_ID_1_4241    A    G    -8.6860e-02    -8.6860e-02    -0.0000e+00    -0.0000e+00
chrom_1    4241    SNP_ID_1_4242    A    G    -8.0929e-02    -8.0929e-02    -8.0929e-02    -8.0929e-02
chrom_1    4242    SNP_ID_1_4243    A    G    -7.9881e-02    -7.9881e-02    -0.0000e+00    -0.0000e+00
chrom_1    4243    SNP_ID_1_4244    A    G    -6.8668e-02    -6.8668e-02    -0.0000e+00    -0.0000e+00
chrom_1    4244    SNP_ID_1_4245    A    G    -6.7454e-02    -6.7454e-02    -6.7454e-02    -6.7454e-02
chrom_1    4246    SNP_ID_1_4247    A    G    -6.5148e-02    -6.5148e-02    -0.0000e+00    -0.0000e+00
chrom_1    4247    SNP_ID_1_4248    A    G    -6.3629e-02    -6.3629e-02    -0.0000e+00    -0.0000e+00
chrom_1    4248    SNP_ID_1_4249    A    G    -6.7236e-02    -6.7236e-02    -0.0000e+00    -0.0000e+00
chrom_1    4249    SNP_ID_1_4250    A    G    -7.0787e-02    -7.0787e-02    -7.0787e-02    -7.0787e-02
chrom_1    4250    SNP_ID_1_4251    A    G    -6.2872e-02    -6.2872e-02    -0.0000e+00    -0.0000e+00
chrom_1    4257    SNP_ID_1_4258    A    G    -6.7473e-02    -6.7473e-02    -6.7473e-02    -6.7473e-02
chrom_1    4263    SNP_ID_1_4264    A    G    -6.8054e-02    -6.8054e-02    -6.8054e-02    -6.8054e-02
chrom_1    4267    SNP_ID_1_4268    A    G    -7.7829e-02    -7.7829e-02    -7.7829e-02    -7.7829e-02
chrom_1    4269    SNP_ID_1_4270    A    G    -7.7113e-02    -7.7113e-02    -0.0000e+00    -0.0000e+00
chrom_1    4270    SNP_ID_1_4271    A    G    -6.6496e-02    -6.6496e-02    -0.0000e+00    -0.0000e+00
chrom_1    4271    SNP_ID_1_4272    A    G    -7.0387e-02    -7.0387e-02    -7.0387e-02    -7.0387e-02
chrom_1    4272    SNP_ID_1_4273    A    G    -9.0479e-02    -9.0479e-02    -0.0000e+00    -0.0000e+00
chrom_1    4273    SNP_ID_1_4274    A    G    -8.0110e-02    -8.0110e-02    -0.0000e+00    -0.0000e+00
chrom_1    4274    SNP_ID_1_4275    A    G    -9.9391e-02    -9.9391e-02    -9.9391e-02    -9.9391e-02
chrom_1    4275    SNP_ID_1_4276    A    G    -9.0063e-02    -9.0063e-02    -0.0000e+00    -0.0000e+00
chrom_1    4276    SNP_ID_1_4277    A    G    -1.2698e-01    -1.2698e-01    -1.2698e-01    -1.2698e-01
chrom_1    4277    SNP_ID_1_4278    A    G    -1.1397e-01    -1.1397e-01    -0.0000e+00    -0.0000e+00
chrom_1    4278    SNP_ID_1_4279    A    G    -9.4143e-02    -9.4143e-02    -0.0000e+00    -0.0000e+00
chrom_1    4279    SNP_ID_1_4280    A    G    -7.9017e-02    -7.9017e-02    -0.0000e+00    -0.0000e+00
chrom_1    4280    SNP_ID_1_4281    A    G    -8.2733e-02    -8.2733e-02    -8.2733e-02    -8.2733e-02
chrom_1    4281    SNP_ID_1_4282    A    G    -7.2600e-02    -7.2600e-02    -0.0000e+00    -0.0000e+00
chrom_1    4282    SNP_ID_1_4283    A    G    -6.8775e-02    -6.8775e-02    -0.0000e+00    -0.0000e+00
chrom_1    4283    SNP_ID_1_4284    A    G    -6.6588e-02    -6.6588e-02    -6.6588e-02    -6.6588e-02
chrom_1    4288    SNP_ID_1_4289    A    G    -7.2901e-02    -7.2901e-02    -7.2901e-02    -7.2901e-02
chrom_1    4289    SNP_ID_1_4290    A    G    -6.7061e-02    -6.7061e-02    -0.0000e+00    -0.0000e+00
chrom_1    4290    SNP_ID_1_4291    A    G    -6.5979e-02    -6.5979e-02    -0.0000e+00    -0.0000e+00
chrom_1    4295    SNP_ID_1_4296    A    G    -6.4390e-02    -6.4390e-02    -6.4390e-02    -6.4390e-02
chrom_1    4512    SNP_ID_1_4513    A    G    6.2551e-02    6.2551e-02    0.0000e+00    0.0000e+00
chrom_1    4513    SNP_ID_1_4514    A    G    6.2742e-02    6.2742e-02    6.2742e-02    6.2742e-02
chrom_1    4515    SNP_ID_1_4516    A    G    6.6627e-02    6.6627e-02    0.0000e+00    0.0000e+00
chrom_1    4516    SNP_ID_1_4517    A    G    7.5808e-02    7.5808e-02    7.5808e-02    7.5808e-02
chrom_1    4518    SNP_ID_1_4519    A    G    7.3146e-02    7.3146e-02    0.0000e+00    0.0000e+00
chrom_1    4521    SNP_ID_1_4522    A    G    7.6603e-02    7.6603e-02    0.0000e+00    0.0000e+00
chrom_1    4522    SNP_ID_1_4523    A    G    7.9193e-02    7.9193e-02    7.9193e-02    7.9193e-02
chrom_1    4523    SNP_ID_1_4524    A    G    7.8073e-02    7.8073e-02    0.0000e+00    0.0000e+00
chrom_1    4524    SNP_ID_1_4525    A    G    7.6689e-02    7.6689e-02    0.0000e+00    0.0000e+00
chrom_1    4525    SNP_ID_1_4526    A    G    8.3872e-02    8.3872e-02    8.3872e-02    8.3872e-02
chrom_1    4526    SNP_ID_1_4527    A    G    7.3774e-02    7.3774e-02    0.0000e+00    0.0000e+00
chrom_1    4527    SNP_ID_1_4528    A    G    1.1039e-01    1.1039e-01    1.1039e-01    1.1039e-01
chrom_1    4528    SNP_ID_1_4529    A    G    8.2490e-02    8.2490e-02    0.0000e+00    0.0000e+00
chrom_1    4529    SNP_ID_1_4530    A    G    8.3702e-02    8.3702e-02    8.3702e-02    8.3702e-02
