chrom    pos    sid    nt1    nt2    raw_beta    raw_pval_beta    updated_beta    updated_pval_beta 
chrom_1    20    SNP_ID_1_21    A    G    4.2600e-02    4.2600e-02    0.0000e+00    0.0000e+00
chrom_1    31    SNP_ID_1_32    A    G    4.4348e-02    4.4348e-02    4.4348e-02    4.4348e-02
chrom_1    37    SNP_ID_1_38    A    G    4.3443e-02    4.3443e-02    0.0000e+00    0.0000e+00
chrom_1    63    SNP_ID_1_64    A    G    4.6974e-02    4.6974e-02    0.0000e+00    0.0000e+00
chrom_1    64    SNP_ID_1_65    A    G    5.0717e-02    5.0717e-02    5.0717e-02    5.0717e-02
chrom_1    203    SNP_ID_1_204    A    G    -4.9745e-02    -4.9745e-02    -0.0000e+00    -0.0000e+00
chrom_1    204    SNP_ID_1_205    A    G    -4.8836e-02    -4.8836e-02    -0.0000e+00    -0.0000e+00
chrom_1    205    SNP_ID_1_206    A    G    -6.1498e-02    -6.1498e-02    -0.0000e+00    -0.0000e+00
chrom_1    206    SNP_ID_1_207    A    G    -7.7415e-02    -7.7415e-02    -0.0000e+00    -0.0000e+00
chrom_1    207    SNP_ID_1_208    A    G    -7.9319e-02    -7.9319e-02    -7.9319e-02    -7.9319e-02
chrom_1    208    SNP_ID_1_209    A    G    -7.1576e-02    -7.1576e-02    -0.0000e+00    -0.0000e+00
chrom_1    209    SNP_ID_1_210    A    G    -7.5174e-02    -7.5174e-02    -0.0000e+00    -0.0000e+00
chrom_1    210    SNP_ID_1_211    A    G    -7.2337e-02    -7.2337e-02    -0.0000e+00    -0.0000e+00
chrom_1    211    SNP_ID_1_212    A    G    -5.2201e-02    -5.2201e-02    -0.0000e+00    -0.0000e+00
chrom_1    212    SNP_ID_1_213    A    G    -4.6157e-02    -4.6157e-02    -0.0000e+00    -0.0000e+00
chrom_1    214    SNP_ID_1_215    A    G    -5.1158e-02    -5.1158e-02    -0.0000e+00    -0.0000e+00
chrom_1    215    SNP_ID_1_216    A    G    -4.4322e-02    -4.4322e-02    -0.0000e+00    -0.0000e+00
chrom_1    216    SNP_ID_1_217    A    G    -4.2924e-02    -4.2924e-02    -0.0000e+00    -0.0000e+00
chrom_1    217    SNP_ID_1_218    A    G    -5.0817e-02    -5.0817e-02    -0.0000e+00    -0.0000e+00
chrom_1    218    SNP_ID_1_219    A    G    -5.0487e-02    -5.0487e-02    -0.0000e+00    -0.0000e+00
chrom_1    220    SNP_ID_1_221    A    G    -4.5160e-02    -4.5160e-02    -0.0000e+00    -0.0000e+00
chrom_1    221    SNP_ID_1_222    A    G    -4.3797e-02    -4.3797e-02    -0.0000e+00    -0.0000e+00
chrom_1    222    SNP_ID_1_223    A    G    -5.3580e-02    -5.3580e-02    -5.3580e-02    -5.3580e-02
chrom_1    223    SNP_ID_1_224    A    G    -4.4306e-02    -4.4306e-02    -0.0000e+00    -0.0000e+00
chrom_1    233    SNP_ID_1_234    A    G    -4.1574e-02    -4.1574e-02    -0.0000e+00    -0.0000e+00
chrom_1    276    SNP_ID_1_277    A    G    5.1162e-02    5.1162e-02    5.1162e-02    5.1162e-02
chrom_1    277    SNP_ID_1_278    A    G    4.4265e-02    4.4265e-02    0.0000e+00    0.0000e+00
chrom_1    280    SNP_ID_1_281    A    G    4.5146e-02    4.5146e-02    0.0000e+00    0.0000e+00
chrom_1    281    SNP_ID_1_282    A    G    4.6369e-02    4.6369e-02    0.0000e+00    0.0000e+00
chrom_1    313    SNP_ID_1_314    A    G    -5.4345e-02    -5.4345e-02    -0.0000e+00    -0.0000e+00
chrom_1    318    SNP_ID_1_319    A    G    -4.3450e-02    -4.3450e-02    -0.0000e+00    -0.0000e+00
chrom_1    319    SNP_ID_1_320    A    G    -5.7416e-02    -5.7416e-02    -0.0000e+00    -0.0000e+00
chrom_1    320    SNP_ID_1_321    A    G    -6.4371e-02    -6.4371e-02    -0.0000e+00    -0.0000e+00
chrom_1    321    SNP_ID_1_322    A    G    -5.6615e-02    -5.6615e-02    -0.0000e+00    -0.0000e+00
chrom_1    322    SNP_ID_1_323    A    G    -5.3866e-02    -5.3866e-02    -0.0000e+00    -0.0000e+00
chrom_1    323    SNP_ID_1_324    A    G    -4.6838e-02    -4.6838e-02    -0.0000e+00    -0.0000e+00
chrom_1    324    SNP_ID_1_325    A    G    -6.2392e-02    -6.2392e-02    -0.0000e+00    -0.0000e+00
chrom_1    325    SNP_ID_1_326    A    G    -8.3434e-02    -8.3434e-02    -8.3434e-02    -8.3434e-02
chrom_1    326    SNP_ID_1_327    A    G    -5.7071e-02    -5.7071e-02    -0.0000e+00    -0.0000e+00
chrom_1    528    SNP_ID_1_529    A    G    -4.1384e-02    -4.1384e-02    -4.1384e-02    -4.1384e-02
chrom_1    827    SNP_ID_1_828    A    G    -4.7602e-02    -4.7602e-02    -0.0000e+00    -0.0000e+00
chrom_1    832    SNP_ID_1_833    A    G    -5.6669e-02    -5.6669e-02    -5.6669e-02    -5.6669e-02
chrom_1    833    SNP_ID_1_834    A    G    -4.9096e-02    -4.9096e-02    -0.0000e+00    -0.0000e+00
chrom_1    838    SNP_ID_1_839    A    G    -5.6368e-02    -5.6368e-02    -0.0000e+00    -0.0000e+00
chrom_1    839    SNP_ID_1_840    A    G    -4.2337e-02    -4.2337e-02    -0.0000e+00    -0.0000e+00
chrom_1    840    SNP_ID_1_841    A    G    -4.1738e-02    -4.1738e-02    -0.0000e+00    -0.0000e+00
chrom_1    841    SNP_ID_1_842    A    G    -5.0144e-02    -5.0144e-02    -0.0000e+00    -0.0000e+00
chrom_1    842    SNP_ID_1_843    A    G    -6.7063e-02    -6.7063e-02    -0.0000e+00    -0.0000e+00
chrom_1    843    SNP_ID_1_844    A    G    -5.2281e-02    -5.2281e-02    -0.0000e+00    -0.0000e+00
chrom_1    844    SNP_ID_1_845    A    G    -5.6983e-02    -5.6983e-02    -0.0000e+00    -0.0000e+00
chrom_1    845    SNP_ID_1_846    A    G    -6.2041e-02    -6.2041e-02    -0.0000e+00    -0.0000e+00
chrom_1    846    SNP_ID_1_847    A    G    -6.0637e-02    -6.0637e-02    -0.0000e+00    -0.0000e+00
chrom_1    847    SNP_ID_1_848    A    G    -6.7040e-02    -6.7040e-02    -0.0000e+00    -0.0000e+00
chrom_1    848    SNP_ID_1_849    A    G    -7.8585e-02    -7.8585e-02    -7.8585e-02    -7.8585e-02
chrom_1    849    SNP_ID_1_850    A    G    -5.9657e-02    -5.9657e-02    -0.0000e+00    -0.0000e+00
chrom_1    850    SNP_ID_1_851    A    G    -5.3851e-02    -5.3851e-02    -0.0000e+00    -0.0000e+00
chrom_1    851    SNP_ID_1_852    A    G    -5.2245e-02    -5.2245e-02    -0.0000e+00    -0.0000e+00
chrom_1    875    SNP_ID_1_876    A    G    -4.2364e-02    -4.2364e-02    -0.0000e+00    -0.0000e+00
chrom_1    876    SNP_ID_1_877    A    G    -5.0020e-02    -5.0020e-02    -5.0020e-02    -5.0020e-02
chrom_1    999    SNP_ID_1_1000    A    G    4.5490e-02    4.5490e-02    4.5490e-02    4.5490e-02
chrom_1    1085    SNP_ID_1_1086    A    G    -4.3930e-02    -4.3930e-02    -4.3930e-02    -4.3930e-02
chrom_1    1412    SNP_ID_1_1413    A    G    -4.2738e-02    -4.2738e-02    -4.2738e-02    -4.2738e-02
chrom_1    1983    SNP_ID_1_1984    A    G    4.2102e-02    4.2102e-02    0.0000e+00    0.0000e+00
chrom_1    1988    SNP_ID_1_1989    A    G    4.1086e-02    4.1086e-02    0.0000e+00    0.0000e+00
chrom_1    1992    SNP_ID_1_1993    A    G    4.5102e-02    4.5102e-02    0.0000e+00    0.0000e+00
chrom_1    1993    SNP_ID_1_1994    A    G    6.1095e-02    6.1095e-02    0.0000e+00    0.0000e+00
chrom_1    1994    SNP_ID_1_1995    A    G    1.0199e-01    1.0199e-01    1.0199e-01    1.0199e-01
chrom_1    1995    SNP_ID_1_1996    A    G    6.8944e-02    6.8944e-02    0.0000e+00    0.0000e+00
chrom_1    1996    SNP_ID_1_1997    A    G    5.6541e-02    5.6541e-02    0.0000e+00    0.0000e+00
chrom_1    1997    SNP_ID_1_1998    A    G    6.4072e-02    6.4072e-02    0.0000e+00    0.0000e+00
chrom_1    1998    SNP_ID_1_1999    A    G    5.9569e-02    5.9569e-02    0.0000e+00    0.0000e+00
chrom_1    1999    SNP_ID_1_2000    A    G    5.1976e-02    5.1976e-02    0.0000e+00    0.0000e+00
chrom_1    2015    SNP_ID_1_2016    A    G    -4.1252e-02    -4.1252e-02    -4.1252e-02    -4.1252e-02
chrom_1    2055    SNP_ID_1_2056    A    G    4.1927e-02    4.1927e-02    0.0000e+00    0.0000e+00
chrom_1    2056    SNP_ID_1_2057    A    G    5.0902e-02    5.0902e-02    0.0000e+00    0.0000e+00
chrom_1    2057    SNP_ID_1_2058    A    G    5.3462e-02    5.3462e-02    5.3462e-02    5.3462e-02
chrom_1    2061    SNP_ID_1_2062    A    G    4.3006e-02    4.3006e-02    0.0000e+00    0.0000e+00
chrom_1    2063    SNP_ID_1_2064    A    G    4.3078e-02    4.3078e-02    0.0000e+00    0.0000e+00
chrom_1    2064    SNP_ID_1_2065    A    G    4.2420e-02    4.2420e-02    0.0000e+00    0.0000e+00
chrom_1    2291    SNP_ID_1_2292    A    G    -4.6163e-02    -4.6163e-02    -4.6163e-02    -4.6163e-02
chrom_1    2468    SNP_ID_1_2469    A    G    -4.1563e-02    -4.1563e-02    -0.0000e+00    -0.0000e+00
chrom_1    2481    SNP_ID_1_2482    A    G    -4.2432e-02    -4.2432e-02    -4.2432e-02    -4.2432e-02
chrom_1    2575    SNP_ID_1_2576    A    G    4.3998e-02    4.3998e-02    4.3998e-02    4.3998e-02
chrom_1    2656    SNP_ID_1_2657    A    G    4.2432e-02    4.2432e-02    0.0000e+00    0.0000e+00
chrom_1    2662    SNP_ID_1_2663    A    G    4.4322e-02    4.4322e-02    4.4322e-02    4.4322e-02
chrom_1    2992    SNP_ID_1_2993    A    G    4.2296e-02    4.2296e-02    0.0000e+00    0.0000e+00
chrom_1    2993    SNP_ID_1_2994    A    G    4.5360e-02    4.5360e-02    0.0000e+00    0.0000e+00
chrom_1    2994    SNP_ID_1_2995    A    G    4.8413e-02    4.8413e-02    4.8413e-02    4.8413e-02
chrom_1    2995    SNP_ID_1_2996    A    G    4.2934e-02    4.2934e-02    0.0000e+00    0.0000e+00
chrom_1    2999    SNP_ID_1_3000    A    G    4.1641e-02    4.1641e-02    0.0000e+00    0.0000e+00
chrom_1    3058    SNP_ID_1_3059    A    G    -4.5550e-02    -4.5550e-02    -4.5550e-02    -4.5550e-02
chrom_1    3103    SNP_ID_1_3104    A    G    -4.0795e-02    -4.0795e-02    -4.0795e-02    -4.0795e-02
chrom_1    3281    SNP_ID_1_3282    A    G    4.2432e-02    4.2432e-02    4.2432e-02    4.2432e-02
chrom_1    3396    SNP_ID_1_3397    A    G    4.2978e-02    4.2978e-02    4.2978e-02    4.2978e-02
chrom_1    3613    SNP_ID_1_3614    A    G    -4.4297e-02    -4.4297e-02    -4.4297e-02    -4.4297e-02
chrom_1    3700    SNP_ID_1_3701    A    G    -5.0901e-02    -5.0901e-02    -0.0000e+00    -0.0000e+00
chrom_1    3701    SNP_ID_1_3702    A    G    -5.4617e-02    -5.4617e-02    -0.0000e+00    -0.0000e+00
chrom_1    3702    SNP_ID_1_3703    A    G    -6.4988e-02    -6.4988e-02    -0.0000e+00    -0.0000e+00
chrom_1    3703    SNP_ID_1_3704    A    G    -5.6030e-02    -5.6030e-02    -0.0000e+00    -0.0000e+00
chrom_1    3704    SNP_ID_1_3705    A    G    -4.5623e-02    -4.5623e-02    -0.0000e+00    -0.0000e+00
chrom_1    3705    SNP_ID_1_3706    A    G    -5.4938e-02    -5.4938e-02    -0.0000e+00    -0.0000e+00
chrom_1    3706    SNP_ID_1_3707    A    G    -4.2622e-02    -4.2622e-02    -0.0000e+00    -0.0000e+00
chrom_1    3707    SNP_ID_1_3708    A    G    -5.4641e-02    -5.4641e-02    -0.0000e+00    -0.0000e+00
chrom_1    3708    SNP_ID_1_3709    A    G    -4.9228e-02    -4.9228e-02    -0.0000e+00    -0.0000e+00
chrom_1    3709    SNP_ID_1_3710    A    G    -5.5978e-02    -5.5978e-02    -0.0000e+00    -0.0000e+00
chrom_1    3710    SNP_ID_1_3711    A    G    -6.1436e-02    -6.1436e-02    -0.0000e+00    -0.0000e+00
chrom_1    3711    SNP_ID_1_3712    A    G    -8.2782e-02    -8.2782e-02    -0.0000e+00    -0.0000e+00
chrom_1    3712    SNP_ID_1_3713    A    G    -1.1075e-01    -1.1075e-01    -1.1075e-01    -1.1075e-01
chrom_1    3713    SNP_ID_1_3714    A    G    -9.8212e-02    -9.8212e-02    -0.0000e+00    -0.0000e+00
chrom_1    3714    SNP_ID_1_3715    A    G    -8.0822e-02    -8.0822e-02    -0.0000e+00    -0.0000e+00
chrom_1    3715    SNP_ID_1_3716    A    G    -6.5842e-02    -6.5842e-02    -0.0000e+00    -0.0000e+00
chrom_1    3716    SNP_ID_1_3717    A    G    -5.7448e-02    -5.7448e-02    -0.0000e+00    -0.0000e+00
chrom_1    3717    SNP_ID_1_3718    A    G    -5.7823e-02    -5.7823e-02    -0.0000e+00    -0.0000e+00
chrom_1    3718    SNP_ID_1_3719    A    G    -4.9266e-02    -4.9266e-02    -0.0000e+00    -0.0000e+00
chrom_1    3719    SNP_ID_1_3720    A    G    -6.0431e-02    -6.0431e-02    -0.0000e+00    -0.0000e+00
chrom_1    3720    SNP_ID_1_3721    A    G    -4.9120e-02    -4.9120e-02    -0.0000e+00    -0.0000e+00
chrom_1    3722    SNP_ID_1_3723    A    G    -4.4559e-02    -4.4559e-02    -0.0000e+00    -0.0000e+00
chrom_1    3728    SNP_ID_1_3729    A    G    -4.2001e-02    -4.2001e-02    -0.0000e+00    -0.0000e+00
chrom_1    3731    SNP_ID_1_3732    A    G    -4.5782e-02    -4.5782e-02    -0.0000e+00    -0.0000e+00
chrom_1    3732    SNP_ID_1_3733    A    G    -4.9891e-02    -4.9891e-02    -4.9891e-02    -4.9891e-02
chrom_1    3745    SNP_ID_1_3746    A    G    -4.2308e-02    -4.2308e-02    -0.0000e+00    -0.0000e+00
chrom_1    3746    SNP_ID_1_3747    A    G    -4.0936e-02    -4.0936e-02    -0.0000e+00    -0.0000e+00
chrom_1    3749    SNP_ID_1_3750    A    G    -4.4384e-02    -4.4384e-02    -4.4384e-02    -4.4384e-02
chrom_1    3785    SNP_ID_1_3786    A    G    -4.3995e-02    -4.3995e-02    -4.3995e-02    -4.3995e-02
chrom_1    3877    SNP_ID_1_3878    A    G    -4.4368e-02    -4.4368e-02    -4.4368e-02    -4.4368e-02
chrom_1    3908    SNP_ID_1_3909    A    G    4.1131e-02    4.1131e-02    0.0000e+00    0.0000e+00
chrom_1    3909    SNP_ID_1_3910    A    G    4.6366e-02    4.6366e-02    0.0000e+00    0.0000e+00
chrom_1    3919    SNP_ID_1_3920    A    G    5.1703e-02    5.1703e-02    5.1703e-02    5.1703e-02
chrom_1    3920    SNP_ID_1_3921    A    G    4.9166e-02    4.9166e-02    0.0000e+00    0.0000e+00
chrom_1    3921    SNP_ID_1_3922    A    G    4.2535e-02    4.2535e-02    0.0000e+00    0.0000e+00
chrom_1    3923    SNP_ID_1_3924    A    G    5.9756e-02    5.9756e-02    0.0000e+00    0.0000e+00
chrom_1    3924    SNP_ID_1_3925    A    G    5.9082e-02    5.9082e-02    0.0000e+00    0.0000e+00
chrom_1    3925    SNP_ID_1_3926    A    G    6.2200e-02    6.2200e-02    0.0000e+00    0.0000e+00
chrom_1    3926    SNP_ID_1_3927    A    G    4.8907e-02    4.8907e-02    0.0000e+00    0.0000e+00
chrom_1    3928    SNP_ID_1_3929    A    G    5.1777e-02    5.1777e-02    0.0000e+00    0.0000e+00
chrom_1    3929    SNP_ID_1_3930    A    G    5.9319e-02    5.9319e-02    0.0000e+00    0.0000e+00
chrom_1    3930    SNP_ID_1_3931    A    G    5.7874e-02    5.7874e-02    0.0000e+00    0.0000e+00
chrom_1    3931    SNP_ID_1_3932    A    G    5.6538e-02    5.6538e-02    0.0000e+00    0.0000e+00
chrom_1    3932    SNP_ID_1_3933    A    G    4.2074e-02    4.2074e-02    0.0000e+00    0.0000e+00
chrom_1    3933    SNP_ID_1_3934    A    G    5.7587e-02    5.7587e-02    0.0000e+00    0.0000e+00
chrom_1    3934    SNP_ID_1_3935    A    G    5.8780e-02    5.8780e-02    0.0000e+00    0.0000e+00
chrom_1    3935    SNP_ID_1_3936    A    G    5.8125e-02    5.8125e-02    0.0000e+00    0.0000e+00
chrom_1    3936    SNP_ID_1_3937    A    G    6.7842e-02    6.7842e-02    6.7842e-02    6.7842e-02
chrom_1    3937    SNP_ID_1_3938    A    G    4.7572e-02    4.7572e-02    0.0000e+00    0.0000e+00
chrom_1    3938    SNP_ID_1_3939    A    G    4.3478e-02    4.3478e-02    0.0000e+00    0.0000e+00
chrom_1    3939    SNP_ID_1_3940    A    G    4.9610e-02    4.9610e-02    0.0000e+00    0.0000e+00
chrom_1    3940    SNP_ID_1_3941    A    G    4.6448e-02    4.6448e-02    0.0000e+00    0.0000e+00
chrom_1    3941    SNP_ID_1_3942    A    G    5.5564e-02    5.5564e-02    0.0000e+00    0.0000e+00
chrom_1    3942    SNP_ID_1_3943    A    G    5.7584e-02    5.7584e-02    0.0000e+00    0.0000e+00
chrom_1    3943    SNP_ID_1_3944    A    G    5.4268e-02    5.4268e-02    0.0000e+00    0.0000e+00
chrom_1    3944    SNP_ID_1_3945    A    G    4.4874e-02    4.4874e-02    0.0000e+00    0.0000e+00
chrom_1    3946    SNP_ID_1_3947    A    G    4.4126e-02    4.4126e-02    0.0000e+00    0.0000e+00
chrom_1    3948    SNP_ID_1_3949    A    G    4.9526e-02    4.9526e-02    0.0000e+00    0.0000e+00
chrom_1    3949    SNP_ID_1_3950    A    G    4.4964e-02    4.4964e-02    0.0000e+00    0.0000e+00
chrom_1    3950    SNP_ID_1_3951    A    G    5.3560e-02    5.3560e-02    0.0000e+00    0.0000e+00
chrom_1    4014    SNP_ID_1_4015    A    G    -4.7373e-02    -4.7373e-02    -0.0000e+00    -0.0000e+00
chrom_1    4016    SNP_ID_1_4017    A    G    -4.9118e-02    -4.9118e-02    -4.9118e-02    -4.9118e-02
chrom_1    4017    SNP_ID_1_4018    A    G    -4.3316e-02    -4.3316e-02    -0.0000e+00    -0.0000e+00
chrom_1    4019    SNP_ID_1_4020    A    G    -4.3118e-02    -4.3118e-02    -0.0000e+00    -0.0000e+00
chrom_1    4022    SNP_ID_1_4023    A    G    -4.2302e-02    -4.2302e-02    -0.0000e+00    -0.0000e+00
chrom_1    4023    SNP_ID_1_4024    A    G    -4.2583e-02    -4.2583e-02    -0.0000e+00    -0.0000e+00
chrom_1    4062    SNP_ID_1_4063    A    G    -4.4817e-02    -4.4817e-02    -4.4817e-02    -4.4817e-02
chrom_1    4200    SNP_ID_1_4201    A    G    -4.0782e-02    -4.0782e-02    -0.0000e+00    -0.0000e+00
chrom_1    4201    SNP_ID_1_4202    A    G    -5.8647e-02    -5.8647e-02    -0.0000e+00    -0.0000e+00
chrom_1    4202    SNP_ID_1_4203    A    G    -5.8586e-02    -5.8586e-02    -0.0000e+00    -0.0000e+00
chrom_1    4203    SNP_ID_1_4204    A    G    -5.6160e-02    -5.6160e-02    -0.0000e+00    -0.0000e+00
chrom_1    4204    SNP_ID_1_4205    A    G    -5.0288e-02    -5.0288e-02    -0.0000e+00    -0.0000e+00
chrom_1    4205    SNP_ID_1_4206    A    G    -4.7008e-02    -4.7008e-02    -0.0000e+00    -0.0000e+00
chrom_1    4206    SNP_ID_1_4207    A    G    -5.3885e-02    -5.3885e-02    -0.0000e+00    -0.0000e+00
chrom_1    4207    SNP_ID_1_4208    A    G    -4.3630e-02    -4.3630e-02    -0.0000e+00    -0.0000e+00
chrom_1    4208    SNP_ID_1_4209    A    G    -4.6794e-02    -4.6794e-02    -0.0000e+00    -0.0000e+00
chrom_1    4209    SNP_ID_1_4210    A    G    -5.0550e-02    -5.0550e-02    -0.0000e+00    -0.0000e+00
chrom_1    4210    SNP_ID_1_4211    A    G    -6.0624e-02    -6.0624e-02    -6.0624e-02    -6.0624e-02
chrom_1    4211    SNP_ID_1_4212    A    G    -5.5165e-02    -5.5165e-02    -0.0000e+00    -0.0000e+00
chrom_1    4214    SNP_ID_1_4215    A    G    -4.9872e-02    -4.9872e-02    -0.0000e+00    -0.0000e+00
chrom_1    4220    SNP_ID_1_4221    A    G    -5.6820e-02    -5.6820e-02    -0.0000e+00    -0.0000e+00
chrom_1    4222    SNP_ID_1_4223    A    G    -4.1528e-02    -4.1528e-02    -0.0000e+00    -0.0000e+00
chrom_1    4223    SNP_ID_1_4224    A    G    -4.2582e-02    -4.2582e-02    -0.0000e+00    -0.0000e+00
chrom_1    4224    SNP_ID_1_4225    A    G    -6.0572e-02    -6.0572e-02    -0.0000e+00    -0.0000e+00
chrom_1    4225    SNP_ID_1_4226    A    G    -6.9738e-02    -6.9738e-02    -0.0000e+00    -0.0000e+00
chrom_1    4226    SNP_ID_1_4227    A    G    -5.6846e-02    -5.6846e-02    -0.0000e+00    -0.0000e+00
chrom_1    4227    SNP_ID_1_4228    A    G    -5.1140e-02    -5.1140e-02    -0.0000e+00    -0.0000e+00
chrom_1    4228    SNP_ID_1_4229    A    G    -5.7648e-02    -5.7648e-02    -0.0000e+00    -0.0000e+00
chrom_1    4229    SNP_ID_1_4230    A    G    -6.3230e-02    -6.3230e-02    -0.0000e+00    -0.0000e+00
chrom_1    4230    SNP_ID_1_4231    A    G    -7.9332e-02    -7.9332e-02    -0.0000e+00    -0.0000e+00
chrom_1    4231    SNP_ID_1_4232    A    G    -6.9870e-02    -6.9870e-02    -0.0000e+00    -0.0000e+00
chrom_1    4232    SNP_ID_1_4233    A    G    -8.0549e-02    -8.0549e-02    -0.0000e+00    -0.0000e+00
chrom_1    4233    SNP_ID_1_4234    A    G    -9.6554e-02    -9.6554e-02    -0.0000e+00    -0.0000e+00
chrom_1    4234    SNP_ID_1_4235    A    G    -1.0927e-01    -1.0927e-01    -0.0000e+00    -0.0000e+00
chrom_1    4235    SNP_ID_1_4236    A    G    -1.2940e-01    -1.2940e-01    -1.2940e-01    -1.2940e-01
chrom_1    4236    SNP_ID_1_4237    A    G    -9.7512e-02    -9.7512e-02    -0.0000e+00    -0.0000e+00
chrom_1    4237    SNP_ID_1_4238    A    G    -9.5437e-02    -9.5437e-02    -0.0000e+00    -0.0000e+00
chrom_1    4238    SNP_ID_1_4239    A    G    -9.6548e-02    -9.6548e-02    -0.0000e+00    -0.0000e+00
chrom_1    4239    SNP_ID_1_4240    A    G    -7.9322e-02    -7.9322e-02    -0.0000e+00    -0.0000e+00
chrom_1    4240    SNP_ID_1_4241    A    G    -8.6860e-02    -8.6860e-02    -0.0000e+00    -0.0000e+00
chrom_1    4241    SNP_ID_1_4242    A    G    -8.0929e-02    -8.0929e-02    -0.0000e+00    -0.0000e+00
chrom_1    4242    SNP_ID_1_4243    A    G    -7.9881e-02    -7.9881e-02    -0.0000e+00    -0.0000e+00
chrom_1    4243    SNP_ID_1_4244    A    G    -6.8668e-02    -6.8668e-02    -0.0000e+00    -0.0000e+00
chrom_1    4244    SNP_ID_1_4245    A    G    -6.7454e-02    -6.7454e-02    -0.0000e+00    -0.0000e+00
chrom_1    4245    SNP_ID_1_4246    A    G    -4.9703e-02    -4.9703e-02    -0.0000e+00    -0.0000e+00
chrom_1    4246    SNP_ID_1_4247    A    G    -6.5148e-02    -6.5148e-02    -0.0000e+00    -0.0000e+00
chrom_1    4247    SNP_ID_1_4248    A    G    -6.3629e-02    -6.3629e-02    -0.0000e+00    -0.0000e+00
chrom_1    4248    SNP_ID_1_4249    A    G    -6.7236e-02    -6.7236e-02    -0.0000e+00    -0.0000e+00
chrom_1    4249    SNP_ID_1_4250    A    G    -7.0787e-02    -7.0787e-02    -7.0787e-02    -7.0787e-02
chrom_1    4250    SNP_ID_1_4251    A    G    -6.2872e-02    -6.2872e-02    -0.0000e+00    -0.0000e+00
chrom_1    4252    SNP_ID_1_4253    A    G    -4.3310e-02    -4.3310e-02    -0.0000e+00    -0.0000e+00
chrom_1    4253    SNP_ID_1_4254    A    G    -5.6103e-02    -5.6103e-02    -0.0000e+00    -0.0000e+00
chrom_1    4254    SNP_ID_1_4255    A    G    -5.8464e-02    -5.8464e-02    -0.0000e+00    -0.0000e+00
chrom_1    4255    SNP_ID_1_4256    A    G    -4.4920e-02    -4.4920e-02    -0.0000e+00    -0.0000e+00
chrom_1    4256    SNP_ID_1_4257    A    G    -4.7720e-02    -4.7720e-02    -0.0000e+00    -0.0000e+00
chrom_1    4257    SNP_ID_1_4258    A    G    -6.7473e-02    -6.7473e-02    -0.0000e+00    -0.0000e+00
chrom_1    4258    SNP_ID_1_4259    A    G    -5.8011e-02    -5.8011e-02    -0.0000e+00    -0.0000e+00
chrom_1    4259    SNP_ID_1_4260    A    G    -5.5459e-02    -5.5459e-02    -0.0000e+00    -0.0000e+00
chrom_1    4260    SNP_ID_1_4261    A    G    -5.1938e-02    -5.1938e-02    -0.0000e+00    -0.0000e+00
chrom_1    4262    SNP_ID_1_4263    A    G    -5.1069e-02    -5.1069e-02    -0.0000e+00    -0.0000e+00
chrom_1    4263    SNP_ID_1_4264    A    G    -6.8054e-02    -6.8054e-02    -0.0000e+00    -0.0000e+00
chrom_1    4264    SNP_ID_1_4265    A    G    -4.7493e-02    -4.7493e-02    -0.0000e+00    -0.0000e+00
chrom_1    4265    SNP_ID_1_4266    A    G    -5.2450e-02    -5.2450e-02    -0.0000e+00    -0.0000e+00
chrom_1    4266    SNP_ID_1_4267    A    G    -5.5937e-02    -5.5937e-02    -0.0000e+00    -0.0000e+00
chrom_1    4267    SNP_ID_1_4268    A    G    -7.7829e-02    -7.7829e-02    -0.0000e+00    -0.0000e+00
chrom_1    4268    SNP_ID_1_4269    A    G    -5.1595e-02    -5.1595e-02    -0.0000e+00    -0.0000e+00
chrom_1    4269    SNP_ID_1_4270    A    G    -7.7113e-02    -7.7113e-02    -0.0000e+00    -0.0000e+00
chrom_1    4270    SNP_ID_1_4271    A    G    -6.6496e-02    -6.6496e-02    -0.0000e+00    -0.0000e+00
chrom_1    4271    SNP_ID_1_4272    A    G    -7.0387e-02    -7.0387e-02    -0.0000e+00    -0.0000e+00
chrom_1    4272    SNP_ID_1_4273    A    G    -9.0479e-02    -9.0479e-02    -0.0000e+00    -0.0000e+00
chrom_1    4273    SNP_ID_1_4274    A    G    -8.0110e-02    -8.0110e-02    -0.0000e+00    -0.0000e+00
chrom_1    4274    SNP_ID_1_4275    A    G    -9.9391e-02    -9.9391e-02    -0.0000e+00    -0.0000e+00
chrom_1    4275    SNP_ID_1_4276    A    G    -9.0063e-02    -9.0063e-02    -0.0000e+00    -0.0000e+00
chrom_1    4276    SNP_ID_1_4277    A    G    -1.2698e-01    -1.2698e-01    -1.2698e-01    -1.2698e-01
chrom_1    4277    SNP_ID_1_4278    A    G    -1.1397e-01    -1.1397e-01    -0.0000e+00    -0.0000e+00
chrom_1    4278    SNP_ID_1_4279    A    G    -9.4143e-02    -9.4143e-02    -0.0000e+00    -0.0000e+00
chrom_1    4279    SNP_ID_1_4280    A    G    -7.9017e-02    -7.9017e-02    -0.0000e+00    -0.0000e+00
chrom_1    4280    SNP_ID_1_4281    A    G    -8.2733e-02    -8.2733e-02    -0.0000e+00    -0.0000e+00
chrom_1    4281    SNP_ID_1_4282    A    G    -7.2600e-02    -7.2600e-02    -0.0000e+00    -0.0000e+00
chrom_1    4282    SNP_ID_1_4283    A    G    -6.8775e-02    -6.8775e-02    -0.0000e+00    -0.0000e+00
chrom_1    4283    SNP_ID_1_4284    A    G    -6.6588e-02    -6.6588e-02    -0.0000e+00    -0.0000e+00
chrom_1    4284    SNP_ID_1_4285    A    G    -4.6715e-02    -4.6715e-02    -0.0000e+00    -0.0000e+00
chrom_1    4285    SNP_ID_1_4286    A    G    -5.5128e-02    -5.5128e-02    -0.0000e+00    -0.0000e+00
chrom_1    4286    SNP_ID_1_4287    A    G    -6.0441e-02    -6.0441e-02    -0.0000e+00    -0.0000e+00
chrom_1    4287    SNP_ID_1_4288    A    G    -5.5111e-02    -5.5111e-02    -0.0000e+00    -0.0000e+00
chrom_1    4288    SNP_ID_1_4289    A    G    -7.2901e-02    -7.2901e-02    -0.0000e+00    -0.0000e+00
chrom_1    4289    SNP_ID_1_4290    A    G    -6.7061e-02    -6.7061e-02    -0.0000e+00    -0.0000e+00
chrom_1    4290    SNP_ID_1_4291    A    G    -6.5979e-02    -6.5979e-02    -6.5979e-02    -6.5979e-02
chrom_1    4291    SNP_ID_1_4292    A    G    -5.3454e-02    -5.3454e-02    -0.0000e+00    -0.0000e+00
chrom_1    4292    SNP_ID_1_4293    A    G    -5.8531e-02    -5.8531e-02    -0.0000e+00    -0.0000e+00
chrom_1    4293    SNP_ID_1_4294    A    G    -6.0993e-02    -6.0993e-02    -0.0000e+00    -0.0000e+00
chrom_1    4294    SNP_ID_1_4295    A    G    -4.5147e-02    -4.5147e-02    -0.0000e+00    -0.0000e+00
chrom_1    4295    SNP_ID_1_4296    A    G    -6.4390e-02    -6.4390e-02    -0.0000e+00    -0.0000e+00
chrom_1    4296    SNP_ID_1_4297    A    G    -4.9693e-02    -4.9693e-02    -0.0000e+00    -0.0000e+00
chrom_1    4297    SNP_ID_1_4298    A    G    -4.8242e-02    -4.8242e-02    -0.0000e+00    -0.0000e+00
chrom_1    4298    SNP_ID_1_4299    A    G    -4.7260e-02    -4.7260e-02    -0.0000e+00    -0.0000e+00
chrom_1    4504    SNP_ID_1_4505    A    G    4.4783e-02    4.4783e-02    0.0000e+00    0.0000e+00
chrom_1    4508    SNP_ID_1_4509    A    G    5.1167e-02    5.1167e-02    0.0000e+00    0.0000e+00
chrom_1    4509    SNP_ID_1_4510    A    G    5.5013e-02    5.5013e-02    0.0000e+00    0.0000e+00
chrom_1    4510    SNP_ID_1_4511    A    G    4.4918e-02    4.4918e-02    0.0000e+00    0.0000e+00
chrom_1    4511    SNP_ID_1_4512    A    G    5.1324e-02    5.1324e-02    0.0000e+00    0.0000e+00
chrom_1    4512    SNP_ID_1_4513    A    G    6.2551e-02    6.2551e-02    6.2551e-02    6.2551e-02
chrom_1    4513    SNP_ID_1_4514    A    G    6.2742e-02    6.2742e-02    0.0000e+00    0.0000e+00
chrom_1    4514    SNP_ID_1_4515    A    G    6.1202e-02    6.1202e-02    0.0000e+00    0.0000e+00
chrom_1    4515    SNP_ID_1_4516    A    G    6.6627e-02    6.6627e-02    0.0000e+00    0.0000e+00
chrom_1    4516    SNP_ID_1_4517    A    G    7.5808e-02    7.5808e-02    0.0000e+00    0.0000e+00
chrom_1    4517    SNP_ID_1_4518    A    G    4.9194e-02    4.9194e-02    0.0000e+00    0.0000e+00
chrom_1    4518    SNP_ID_1_4519    A    G    7.3146e-02    7.3146e-02    0.0000e+00    0.0000e+00
chrom_1    4519    SNP_ID_1_4520    A    G    5.7963e-02    5.7963e-02    0.0000e+00    0.0000e+00
chrom_1    4520    SNP_ID_1_4521    A    G    5.2424e-02    5.2424e-02    0.0000e+00    0.0000e+00
chrom_1    4521    SNP_ID_1_4522    A    G    7.6603e-02    7.6603e-02    0.0000e+00    0.0000e+00
chrom_1    4522    SNP_ID_1_4523    A    G    7.9193e-02    7.9193e-02    0.0000e+00    0.0000e+00
chrom_1    4523    SNP_ID_1_4524    A    G    7.8073e-02    7.8073e-02    0.0000e+00    0.0000e+00
chrom_1    4524    SNP_ID_1_4525    A    G    7.6689e-02    7.6689e-02    0.0000e+00    0.0000e+00
chrom_1    4525    SNP_ID_1_4526    A    G    8.3872e-02    8.3872e-02    0.0000e+00    0.0000e+00
chrom_1    4526    SNP_ID_1_4527    A    G    7.3774e-02    7.3774e-02    0.0000e+00    0.0000e+00
chrom_1    4527    SNP_ID_1_4528    A    G    1.1039e-01    1.1039e-01    1.1039e-01    1.1039e-01
chrom_1    4528    SNP_ID_1_4529    A    G    8.2490e-02    8.2490e-02    0.0000e+00    0.0000e+00
chrom_1    4529    SNP_ID_1_4530    A    G    8.3702e-02    8.3702e-02    0.0000e+00    0.0000e+00
chrom_1    4530    SNP_ID_1_4531    A    G    6.0974e-02    6.0974e-02    0.0000e+00    0.0000e+00
chrom_1    4531    SNP_ID_1_4532    A    G    5.6111e-02    5.6111e-02    0.0000e+00    0.0000e+00
chrom_1    4532    SNP_ID_1_4533    A    G    4.8015e-02    4.8015e-02    0.0000e+00    0.0000e+00
chrom_1    4534    SNP_ID_1_4535    A    G    5.2588e-02    5.2588e-02    0.0000e+00    0.0000e+00
chrom_1    4535    SNP_ID_1_4536    A    G    4.1881e-02    4.1881e-02    0.0000e+00    0.0000e+00
chrom_1    4536    SNP_ID_1_4537    A    G    4.1538e-02    4.1538e-02    0.0000e+00    0.0000e+00
chrom_1    4540    SNP_ID_1_4541    A    G    4.0913e-02    4.0913e-02    0.0000e+00    0.0000e+00
chrom_1    4542    SNP_ID_1_4543    A    G    4.9662e-02    4.9662e-02    4.9662e-02    4.9662e-02
chrom_1    4553    SNP_ID_1_4554    A    G    4.6788e-02    4.6788e-02    0.0000e+00    0.0000e+00
chrom_1    4686    SNP_ID_1_4687    A    G    -4.0848e-02    -4.0848e-02    -4.0848e-02    -4.0848e-02
chrom_1    4705    SNP_ID_1_4706    A    G    -4.9680e-02    -4.9680e-02    -0.0000e+00    -0.0000e+00
chrom_1    4706    SNP_ID_1_4707    A    G    -5.0366e-02    -5.0366e-02    -5.0366e-02    -5.0366e-02
chrom_1    4708    SNP_ID_1_4709    A    G    -4.0846e-02    -4.0846e-02    -0.0000e+00    -0.0000e+00
chrom_1    4825    SNP_ID_1_4826    A    G    -4.7581e-02    -4.7581e-02    -4.7581e-02    -4.7581e-02
chrom_1    4923    SNP_ID_1_4924    A    G    5.3524e-02    5.3524e-02    5.3524e-02    5.3524e-02
chrom_1    4929    SNP_ID_1_4930    A    G    4.5957e-02    4.5957e-02    0.0000e+00    0.0000e+00
